This is XeTeX, Version 3.141592653-2.6-0.999997 (MiKTeX 25.12) (preloaded format=xelatex 2026.9.9)  28 SEP 2026 19:58
entering extended mode
 \write18 enabled.
 %&-line parsing enabled.
**./main.tex
(main.tex
LaTeX2e <2025-11-01>
L3 programming layer <2025-12-24>
(C:\Users\Home\AppData\Local\Programs\MiKTeX\tex/latex/base\article.cls
Document Class: article 2025/01/22 v1.4n Standard LaTeX document class
(C:\Users\Home\AppData\Local\Programs\MiKTeX\tex/latex/base\size12.clo
File: size12.clo 2025/01/22 v1.4n Standard LaTeX file (size option)
)
\c@part=\count271
\c@section=\count272
\c@subsection=\count273
\c@subsubsection=\count274
\c@paragraph=\count275
\c@subparagraph=\count276
\c@figure=\count277
\c@table=\count278
\abovecaptionskip=\skip49
\belowcaptionskip=\skip50
\bibindent=\dimen148
)
(C:\Users\Home\AppData\Local\Programs\MiKTeX\tex/latex/geometry\geometry.sty
Package: geometry 2026/03/07 v6.0 Page Geometry

(C:\Users\Home\AppData\Local\Programs\MiKTeX\tex/latex/graphics\keyval.sty
Package: keyval 2022/05/29 v1.15 key=value parser (DPC)
\KV@toks@=\toks17
)
(C:\Users\Home\AppData\Local\Programs\MiKTeX\tex/generic/iftex\ifvtex.sty
Package: ifvtex 2019/10/25 v1.7 ifvtex legacy package. Use iftex instead.

(C:\Users\Home\AppData\Local\Programs\MiKTeX\tex/generic/iftex\iftex.sty
Package: iftex 2024/12/12 v1.0g TeX engine tests
))
\Gm@cnth=\count279
\Gm@cntv=\count280
\c@Gm@tempcnt=\count281
\Gm@bindingoffset=\dimen149
\Gm@wd@mp=\dimen150
\Gm@odd@mp=\dimen151
\Gm@even@mp=\dimen152
\Gm@layoutwidth=\dimen153
\Gm@layoutheight=\dimen154
\Gm@layouthoffset=\dimen155
\Gm@layoutvoffset=\dimen156
\Gm@dimlist=\toks18

(C:\Users\Home\AppData\Local\Programs\MiKTeX\tex/latex/geometry\geometry.cfg))
(template/fuentes.tex
(C:\Users\Home\AppData\Local\Programs\MiKTeX\tex/latex/fontspec\fontspec.sty
(C:\Users\Home\AppData\Local\Programs\MiKTeX\tex/latex/l3packages/xparse\xparse
.sty (C:\Users\Home\AppData\Local\Programs\MiKTeX\tex/latex/l3kernel\expl3.sty
Package: expl3 2025-12-24 L3 programming layer (loader) 

(C:\Users\Home\AppData\Local\Programs\MiKTeX\tex/latex/l3backend\l3backend-xete
x.def
File: l3backend-xetex.def 2025-10-09 L3 backend support: XeTeX
\g__graphics_track_int=\count282
\g__pdfannot_backend_int=\count283
\g__pdfannot_backend_link_int=\count284
))
Package: xparse 2025-10-09 L3 Experimental document command parser
)
Package: fontspec 2025/09/29 v2.9g Font selection for XeLaTeX and LuaLaTeX

(C:\Users\Home\AppData\Local\Programs\MiKTeX\tex/latex/fontspec\fontspec-xetex.
sty
Package: fontspec-xetex 2025/09/29 v2.9g Font selection for XeLaTeX and LuaLaTe
X
\l__fontspec_script_int=\count285
\l__fontspec_language_int=\count286
\l__fontspec_strnum_int=\count287
\l__fontspec_tmp_int=\count288
\l__fontspec_tmpa_int=\count289
\l__fontspec_tmpb_int=\count290
\l__fontspec_tmpc_int=\count291
\l__fontspec_em_int=\count292
\l__fontspec_emdef_int=\count293
\l__fontspec_strong_int=\count294
\l__fontspec_strongdef_int=\count295
\l__fontspec_tmpa_dim=\dimen157
\l__fontspec_tmpb_dim=\dimen158
\l__fontspec_tmpc_dim=\dimen159
 (C:\Users\Home\AppData\Local\Programs\MiKTeX\tex/latex/base\fontenc.sty
Package: fontenc 2025/07/18 v2.1d Standard LaTeX package
)
(C:\Users\Home\AppData\Local\Programs\MiKTeX\tex/latex/fontspec\fontspec.cfg)))

Package fontspec Info: 
(fontspec)             Font family 'texgyretermes(0)' created for font
(fontspec)             'texgyretermes' with options [Ligatures=TeX,Extension =
(fontspec)             .otf,UprightFont = *-regular,BoldFont =
(fontspec)             *-bold,ItalicFont = *-italic,BoldItalicFont =
(fontspec)             *-bolditalic].
(fontspec)              
(fontspec)              This font family consists of the following NFSS
(fontspec)             series/shapes:
(fontspec)              
(fontspec)             - 'normal' (m/n) with NFSS spec.:
(fontspec)             <->"[texgyretermes-regular.otf]/OT:script=latn;language=
dflt;mapping=tex-text;"
(fontspec)             - 'small caps'  (m/sc) with NFSS spec.:
(fontspec)             <->"[texgyretermes-regular.otf]/OT:script=latn;language=
dflt;+smcp;mapping=tex-text;"
(fontspec)             - 'bold' (b/n) with NFSS spec.:
(fontspec)             <->"[texgyretermes-bold.otf]/OT:script=latn;language=dfl
t;mapping=tex-text;"
(fontspec)             - 'bold small caps'  (b/sc) with NFSS spec.:
(fontspec)             <->"[texgyretermes-bold.otf]/OT:script=latn;language=dfl
t;+smcp;mapping=tex-text;"
(fontspec)             - 'italic' (m/it) with NFSS spec.:
(fontspec)             <->"[texgyretermes-italic.otf]/OT:script=latn;language=d
flt;mapping=tex-text;"
(fontspec)             - 'italic small caps'  (m/scit) with NFSS spec.:
(fontspec)             <->"[texgyretermes-italic.otf]/OT:script=latn;language=d
flt;+smcp;mapping=tex-text;"
(fontspec)             - 'bold italic' (b/it) with NFSS spec.:
(fontspec)             <->"[texgyretermes-bolditalic.otf]/OT:script=latn;langua
ge=dflt;mapping=tex-text;"
(fontspec)             - 'bold italic small caps'  (b/scit) with NFSS spec.:
(fontspec)             <->"[texgyretermes-bolditalic.otf]/OT:script=latn;langua
ge=dflt;+smcp;mapping=tex-text;"


Package fontspec Info: 
(fontspec)             texgyrecursor-regular scale = 1.079132654150264.


Package fontspec Info: 
(fontspec)             texgyrecursor-regular scale = 1.079132654150264.


Package fontspec Info: 
(fontspec)             texgyrecursor-regular scale = 1.079132654150264.


Package fontspec Info: 
(fontspec)             texgyrecursor-bold scale = 1.029743476337904.


Package fontspec Info: 
(fontspec)             texgyrecursor-bold scale = 1.029743476337904.


Package fontspec Info: 
(fontspec)             texgyrecursor-italic scale = 1.079132654150264.


Package fontspec Info: 
(fontspec)             texgyrecursor-italic scale = 1.079132654150264.


Package fontspec Info: 
(fontspec)             texgyrecursor-bolditalic scale = 1.029743476337904.


Package fontspec Info: 
(fontspec)             texgyrecursor-bolditalic scale = 1.029743476337904.


Package fontspec Info: 
(fontspec)             Font family 'texgyrecursor(0)' created for font
(fontspec)             'texgyrecursor' with options
(fontspec)             [WordSpace={1,0,0},HyphenChar=None,PunctuationSpace=Word
Space,Extension
(fontspec)             = .otf,UprightFont = *-regular,BoldFont =
(fontspec)             *-bold,ItalicFont = *-italic,BoldItalicFont =
(fontspec)             *-bolditalic,Scale = MatchLowercase].
(fontspec)              
(fontspec)              This font family consists of the following NFSS
(fontspec)             series/shapes:
(fontspec)              
(fontspec)             - 'normal' (m/n) with NFSS spec.:
(fontspec)             <->s*[1.079132654150264]"[texgyrecursor-regular.otf]/OT:
script=latn;language=dflt;"
(fontspec)             - 'small caps'  (m/sc) with NFSS spec.:
(fontspec)             <->s*[1.079132654150264]"[texgyrecursor-regular.otf]/OT:
script=latn;language=dflt;+smcp;"
(fontspec)             and font adjustment code:
(fontspec)             \fontdimen 2\font =1\fontdimen 2\font \fontdimen 3\font
(fontspec)             =0\fontdimen 3\font \fontdimen 4\font =0\fontdimen
(fontspec)             4\font \fontdimen 7\font =0\fontdimen 2\font
(fontspec)             \tex_hyphenchar:D \font =-1\scan_stop: 
(fontspec)             - 'bold' (b/n) with NFSS spec.:
(fontspec)             <->s*[1.029743476337904]"[texgyrecursor-bold.otf]/OT:scr
ipt=latn;language=dflt;"
(fontspec)             - 'bold small caps'  (b/sc) with NFSS spec.:
(fontspec)             <->s*[1.029743476337904]"[texgyrecursor-bold.otf]/OT:scr
ipt=latn;language=dflt;+smcp;"
(fontspec)             and font adjustment code:
(fontspec)             \fontdimen 2\font =1\fontdimen 2\font \fontdimen 3\font
(fontspec)             =0\fontdimen 3\font \fontdimen 4\font =0\fontdimen
(fontspec)             4\font \fontdimen 7\font =0\fontdimen 2\font
(fontspec)             \tex_hyphenchar:D \font =-1\scan_stop: 
(fontspec)             - 'italic' (m/it) with NFSS spec.:
(fontspec)             <->s*[1.079132654150264]"[texgyrecursor-italic.otf]/OT:s
cript=latn;language=dflt;"
(fontspec)             - 'italic small caps'  (m/scit) with NFSS spec.:
(fontspec)             <->s*[1.079132654150264]"[texgyrecursor-italic.otf]/OT:s
cript=latn;language=dflt;+smcp;"
(fontspec)             and font adjustment code:
(fontspec)             \fontdimen 2\font =1\fontdimen 2\font \fontdimen 3\font
(fontspec)             =0\fontdimen 3\font \fontdimen 4\font =0\fontdimen
(fontspec)             4\font \fontdimen 7\font =0\fontdimen 2\font
(fontspec)             \tex_hyphenchar:D \font =-1\scan_stop: 
(fontspec)             - 'bold italic' (b/it) with NFSS spec.:
(fontspec)             <->s*[1.029743476337904]"[texgyrecursor-bolditalic.otf]/
OT:script=latn;language=dflt;"
(fontspec)             - 'bold italic small caps'  (b/scit) with NFSS spec.:
(fontspec)             <->s*[1.029743476337904]"[texgyrecursor-bolditalic.otf]/
OT:script=latn;language=dflt;+smcp;"
(fontspec)             and font adjustment code:
(fontspec)             \fontdimen 2\font =1\fontdimen 2\font \fontdimen 3\font
(fontspec)             =0\fontdimen 3\font \fontdimen 4\font =0\fontdimen
(fontspec)             4\font \fontdimen 7\font =0\fontdimen 2\font
(fontspec)             \tex_hyphenchar:D \font =-1\scan_stop: 

) (template/packages.tex
(C:\Users\Home\AppData\Local\Programs\MiKTeX\tex/latex/fancyhdr\fancyhdr.sty
Package: fancyhdr 2025/02/07 v5.2 Extensive control of page headers and footers

\f@nch@headwidth=\skip51
\f@nch@offset@elh=\skip52
\f@nch@offset@erh=\skip53
\f@nch@offset@olh=\skip54
\f@nch@offset@orh=\skip55
\f@nch@offset@elf=\skip56
\f@nch@offset@erf=\skip57
\f@nch@offset@olf=\skip58
\f@nch@offset@orf=\skip59
\f@nch@height=\skip60
\f@nch@footalignment=\skip61
\f@nch@widthL=\skip62
\f@nch@widthC=\skip63
\f@nch@widthR=\skip64
\@temptokenb=\toks19
)
(C:\Users\Home\AppData\Local\Programs\MiKTeX\tex/latex/xcolor\xcolor.sty
Package: xcolor 2024/09/29 v3.02 LaTeX color extensions (UK)

(C:\Users\Home\AppData\Local\Programs\MiKTeX\tex/latex/graphics-cfg\color.cfg
File: color.cfg 2016/01/02 v1.6 sample color configuration
)
Package xcolor Info: Driver file: xetex.def on input line 274.

(C:\Users\Home\AppData\Local\Programs\MiKTeX\tex/latex/graphics-def\xetex.def
File: xetex.def 2025/11/01 v5.0p Graphics/color driver for xetex
)
(C:\Users\Home\AppData\Local\Programs\MiKTeX\tex/latex/graphics\mathcolor.ltx)
Package xcolor Info: Model `cmy' substituted by `cmy0' on input line 1349.
Package xcolor Info: Model `RGB' extended on input line 1365.
Package xcolor Info: Model `HTML' substituted by `rgb' on input line 1367.
Package xcolor Info: Model `Hsb' substituted by `hsb' on input line 1368.
Package xcolor Info: Model `tHsb' substituted by `hsb' on input line 1369.
Package xcolor Info: Model `HSB' substituted by `hsb' on input line 1370.
Package xcolor Info: Model `Gray' substituted by `gray' on input line 1371.
Package xcolor Info: Model `wave' substituted by `hsb' on input line 1372.
) (C:\Users\Home\AppData\Local\Programs\MiKTeX\tex/latex/tocloft\tocloft.sty
Package: tocloft 2017/08/31 v2.3i parameterised ToC, etc., typesetting
Package tocloft Info: The document has section divisions on input line 51.
\cftparskip=\skip65
\cftbeforetoctitleskip=\skip66
\cftaftertoctitleskip=\skip67
\cftbeforepartskip=\skip68
\cftpartnumwidth=\skip69
\cftpartindent=\skip70
\cftbeforesecskip=\skip71
\cftsecindent=\skip72
\cftsecnumwidth=\skip73
\cftbeforesubsecskip=\skip74
\cftsubsecindent=\skip75
\cftsubsecnumwidth=\skip76
\cftbeforesubsubsecskip=\skip77
\cftsubsubsecindent=\skip78
\cftsubsubsecnumwidth=\skip79
\cftbeforeparaskip=\skip80
\cftparaindent=\skip81
\cftparanumwidth=\skip82
\cftbeforesubparaskip=\skip83
\cftsubparaindent=\skip84
\cftsubparanumwidth=\skip85
\cftbeforeloftitleskip=\skip86
\cftafterloftitleskip=\skip87
\cftbeforefigskip=\skip88
\cftfigindent=\skip89
\cftfignumwidth=\skip90
\c@lofdepth=\count296
\c@lotdepth=\count297
\cftbeforelottitleskip=\skip91
\cftafterlottitleskip=\skip92
\cftbeforetabskip=\skip93
\cfttabindent=\skip94
\cfttabnumwidth=\skip95
)
(C:\Users\Home\AppData\Local\Programs\MiKTeX\tex/latex/tools\layout.sty
Package: layout 2023-08-20 v1.2e Show layout parameters
\oneinch=\count298
\cnt@paperwidth=\count299
\cnt@paperheight=\count300
\cnt@hoffset=\count301
\cnt@voffset=\count302
\cnt@textheight=\count303
\cnt@textwidth=\count304
\cnt@topmargin=\count305
\cnt@oddsidemargin=\count306
\cnt@evensidemargin=\count307
\cnt@headheight=\count308
\cnt@headsep=\count309
\cnt@marginparsep=\count310
\cnt@marginparwidth=\count311
\cnt@marginparpush=\count312
\cnt@footskip=\count313
\fheight=\count314
\ref@top=\count315
\ref@hoffset=\count316
\ref@voffset=\count317
\ref@head=\count318
\ref@body=\count319
\ref@foot=\count320
\ref@margin=\count321
\ref@marginwidth=\count322
\ref@marginpar=\count323
\Interval=\count324
\ExtraYPos=\count325
\PositionX=\count326
\PositionY=\count327
\ArrowLength=\count328
)
(C:\Users\Home\AppData\Local\Programs\MiKTeX\tex/latex/titlesec\titlesec.sty
Package: titlesec 2025/01/04 v2.17 Sectioning titles
\ttl@box=\box53
\beforetitleunit=\skip96
\aftertitleunit=\skip97
\ttl@plus=\dimen160
\ttl@minus=\dimen161
\ttl@toksa=\toks20
\titlewidth=\dimen162
\titlewidthlast=\dimen163
\titlewidthfirst=\dimen164
)
(C:\Users\Home\AppData\Local\Programs\MiKTeX\tex/latex/tools\indentfirst.sty
Package: indentfirst 2023/07/02 v1.03 Indent first paragraph (DPC)
)
(C:\Users\Home\AppData\Local\Programs\MiKTeX\tex/latex/newtx\newtxtext.sty
Package: newtxtext 2024/04/01 v1.744(Michael Sharpe) latex and unicode latex su
pport for TeXGyreTermesX

`newtxtext' v1.744, 2024/04/01 Text macros taking advantage of TeXGyre Termes a
nd its extensions (msharpe)
(C:\Users\Home\AppData\Local\Programs\MiKTeX\tex/latex/xpatch\xpatch.sty
Package: xpatch 2020/03/25 v0.3a Extending etoolbox patching commands

(C:\Users\Home\AppData\Local\Programs\MiKTeX\tex/latex/etoolbox\etoolbox.sty
Package: etoolbox 2025/10/02 v2.5m e-TeX tools for LaTeX (JAW)
\etb@tempcnta=\count329
))
(C:\Users\Home\AppData\Local\Programs\MiKTeX\tex/latex/xkeyval\xkeyval.sty
Package: xkeyval 2022/06/16 v2.9 package option processing (HA)

(C:\Users\Home\AppData\Local\Programs\MiKTeX\tex/generic/xkeyval\xkeyval.tex
(C:\Users\Home\AppData\Local\Programs\MiKTeX\tex/generic/xkeyval\xkvutils.tex
\XKV@toks=\toks21
\XKV@tempa@toks=\toks22
)
\XKV@depth=\count330
File: xkeyval.tex 2014/12/03 v2.7a key=value parser (HA)
)) (C:\Users\Home\AppData\Local\Programs\MiKTeX\tex/latex/base\textcomp.sty
Package: textcomp 2024/04/24 v2.1b Standard LaTeX package
)
(C:\Users\Home\AppData\Local\Programs\MiKTeX\tex/latex/xstring\xstring.sty
(C:\Users\Home\AppData\Local\Programs\MiKTeX\tex/generic/xstring\xstring.tex
\xs_counta=\count331
\xs_countb=\count332
)
Package: xstring 2023/08/22 v1.86 String manipulations (CT)
)
(C:\Users\Home\AppData\Local\Programs\MiKTeX\tex/latex/base\ifthen.sty
Package: ifthen 2024/03/16 v1.1e Standard LaTeX ifthen package (DPC)
)
(C:\Users\Home\AppData\Local\Programs\MiKTeX\tex/latex/carlisle\scalefnt.sty)
LaTeX Font Info:    Setting ntxLF sub-encoding to TS1/0 on input line 24.
LaTeX Font Info:    Setting ntxTLF sub-encoding to TS1/0 on input line 24.
LaTeX Font Info:    Setting ntxOsF sub-encoding to TS1/0 on input line 24.
LaTeX Font Info:    Setting ntxTOsF sub-encoding to TS1/0 on input line 24.

(C:\Users\Home\AppData\Local\Programs\MiKTeX\tex/generic/binhex\binhex.tex)
\ntx@tmpcnta=\count333
\ntx@cnt=\count334
LaTeX Info: Redefining \oldstylenums on input line 611.
LaTeX Info: Redefining \liningnums on input line 615.
\tx@sixem=\dimen165
\tx@y=\dimen166
\tx@x=\dimen167
\tx@tmpdima=\dimen168
\tx@tmpdimb=\dimen169
\tx@tmpdimc=\dimen170
\tx@tmpdimd=\dimen171
\tx@tmpdime=\dimen172
\tx@tmpdimf=\dimen173
\tx@dimA=\dimen174
\tx@dimAA=\dimen175
\tx@dimB=\dimen176
\tx@dimBB=\dimen177
\tx@dimC=\dimen178
)
(C:\Users\Home\AppData\Local\Programs\MiKTeX\tex/latex/blindtext\blindtext.sty
Package: blindtext 2012/01/06 V2.0 blindtext-Package

(C:\Users\Home\AppData\Local\Programs\MiKTeX\tex/latex/tools\xspace.sty
Package: xspace 2014/10/28 v1.13 Space after command names (DPC,MH)
)
\c@blindtext=\count335
\c@Blindtext=\count336
\c@blind@countparstart=\count337
\blind@countxx=\count338
\blindtext@numBlindtext=\count339
\blind@countyy=\count340
\c@blindlist=\count341
\c@blindlistlevel=\count342
\c@blindlist@level=\count343
\blind@listitem=\count344
\c@blind@listcount=\count345
\c@blind@levelcount=\count346
\blind@mathformula=\count347
\blind@Mathformula=\count348
\c@blind@randomcount=\count349
\c@blind@randommax=\count350
\c@blind@pangramcount=\count351
\c@blind@pangrammax=\count352
)
(C:\Users\Home\AppData\Local\Programs\MiKTeX\tex/latex/tools\tabularx.sty
Package: tabularx 2023/12/11 v2.12a `tabularx' package (DPC)

(C:\Users\Home\AppData\Local\Programs\MiKTeX\tex/latex/tools\array.sty
Package: array 2025/09/25 v2.6n Tabular extension package (FMi)
\col@sep=\dimen179
\ar@mcellbox=\box54
\extrarowheight=\dimen180
\NC@list=\toks23
\extratabsurround=\skip98
\backup@length=\skip99
\ar@cellbox=\box55
)
\TX@col@width=\dimen181
\TX@old@table=\dimen182
\TX@old@col=\dimen183
\TX@target=\dimen184
\TX@delta=\dimen185
\TX@cols=\count353
\TX@ftn=\toks24
)
(C:\Users\Home\AppData\Local\Programs\MiKTeX\tex/latex/ragged2e\ragged2e.sty
Package: ragged2e 2023/06/22 v3.6 ragged2e Package
\CenteringLeftskip=\skip100
\RaggedLeftLeftskip=\skip101
\RaggedRightLeftskip=\skip102
\CenteringRightskip=\skip103
\RaggedLeftRightskip=\skip104
\RaggedRightRightskip=\skip105
\CenteringParfillskip=\skip106
\RaggedLeftParfillskip=\skip107
\RaggedRightParfillskip=\skip108
\JustifyingParfillskip=\skip109
\CenteringParindent=\skip110
\RaggedLeftParindent=\skip111
\RaggedRightParindent=\skip112
\JustifyingParindent=\skip113
)
(C:\Users\Home\AppData\Local\Programs\MiKTeX\tex/latex/tools\longtable.sty
Package: longtable 2025-10-13 v4.24 Multi-page Table package (DPC)
\LTleft=\skip114
\LTright=\skip115
\LTpre=\skip116
\LTpost=\skip117
\LTchunksize=\count354
\LTcapwidth=\dimen186
\LT@head=\box56
\LT@firsthead=\box57
\LT@foot=\box58
\LT@lastfoot=\box59
\LT@gbox=\box60
\LT@cols=\count355
\LT@rows=\count356
\c@LT@tables=\count357
\c@LT@chunks=\count358
\LT@p@ftn=\toks25
)
(C:\Users\Home\AppData\Local\Programs\MiKTeX\tex/latex/xltabular\xltabular.sty
Package: xltabular 2025/02/28 v0.2i `xltabular' package (hv,RN)

(C:\Users\Home\AppData\Local\Programs\MiKTeX\tex/latex/ltablex\ltablex.sty
Package: ltablex 2014/08/13 v1.1 Modified tabularx
))
(C:\Users\Home\AppData\Local\Programs\MiKTeX\tex/latex/colortbl\colortbl.sty
Package: colortbl 2026/05/01 v1.0l Color table columns (DPC)
\everycr=\toks26
\minrowclearance=\skip118
\rownum=\count359
)
(C:\Users\Home\AppData\Local\Programs\MiKTeX\tex/latex/graphics\graphicx.sty
Package: graphicx 2024/12/31 v1.2e Enhanced LaTeX Graphics (DPC,SPQR)

(C:\Users\Home\AppData\Local\Programs\MiKTeX\tex/latex/graphics\graphics.sty
Package: graphics 2024/08/06 v1.4g Standard LaTeX Graphics (DPC,SPQR)

(C:\Users\Home\AppData\Local\Programs\MiKTeX\tex/latex/graphics\trig.sty
Package: trig 2023/12/02 v1.11 sin cos tan (DPC)
)
(C:\Users\Home\AppData\Local\Programs\MiKTeX\tex/latex/graphics-cfg\graphics.cf
g
File: graphics.cfg 2016/06/04 v1.11 sample graphics configuration
)
Package graphics Info: Driver file: xetex.def on input line 106.
)
\Gin@req@height=\dimen187
\Gin@req@width=\dimen188
) (C:\Users\Home\AppData\Local\Programs\MiKTeX\tex/latex/mwe\mwe.sty
Package: mwe 2018/03/30 v0.5 Package to support minimal working examples (MWE)

(C:\Users\Home\AppData\Local\Programs\MiKTeX\tex/latex/lipsum\lipsum.sty
(C:\Users\Home\AppData\Local\Programs\MiKTeX\tex/latex/l3packages/l3keys2e\l3ke
ys2e.sty
Package: l3keys2e 2025-10-09 LaTeX2e option processing using LaTeX3 keys
)
Package: lipsum 2021-09-20 v2.7 150 paragraphs of Lorem Ipsum dummy text
\g__lipsum_par_int=\count360
\l__lipsum_a_int=\count361
\l__lipsum_b_int=\count362

(C:\Users\Home\AppData\Local\Programs\MiKTeX\tex/latex/lipsum\lipsum.ltd.tex)))
(C:\Users\Home\AppData\Local\Programs\MiKTeX\tex/latex/graphbox\graphbox.sty
Package: graphbox 2025/03/25 v1.1.1 extension for graphicx to adjust containing
 box
\Gin@box@box=\box61
\Gin@box@width=\skip119
\Gin@box@height=\skip120
\Gin@box@raise=\skip121
\Gin@box@hspace=\skip122
\Gin@box@bwidth=\skip123
\Gin@box@bheight=\skip124
)
(C:\Users\Home\AppData\Local\Programs\MiKTeX\tex/latex/makecell\makecell.sty
Package: makecell 2009/08/03 V0.1e Managing of Tab Column Heads and Cells
\rotheadsize=\dimen189
\c@nlinenum=\count363
\TeXr@lab=\toks27
)
(C:\Users\Home\AppData\Local\Programs\MiKTeX\tex/latex/booktabs\booktabs.sty
Package: booktabs 2020/01/12 v1.61803398 Publication quality tables
\heavyrulewidth=\dimen190
\lightrulewidth=\dimen191
\cmidrulewidth=\dimen192
\belowrulesep=\dimen193
\belowbottomsep=\dimen194
\aboverulesep=\dimen195
\abovetopsep=\dimen196
\cmidrulesep=\dimen197
\cmidrulekern=\dimen198
\defaultaddspace=\dimen199
\@cmidla=\count364
\@cmidlb=\count365
\@aboverulesep=\dimen256
\@belowrulesep=\dimen257
\@thisruleclass=\count366
\@lastruleclass=\count367
\@thisrulewidth=\dimen258
)
(C:\Users\Home\AppData\Local\Programs\MiKTeX\tex/latex/multirow\multirow.sty
Package: multirow 2024/11/12 v2.9 Span multiple rows of a table
\multirow@colwidth=\skip125
\multirow@cntb=\count368
\multirow@dima=\skip126
\bigstrutjot=\dimen259
)
(C:\Users\Home\AppData\Local\Programs\MiKTeX\tex/latex/minted\minted.sty
Package: minted 2026/03/03 v3.8.0 Yet another Pygments shim for LaTeX

(C:\Users\Home\AppData\Local\Programs\MiKTeX\tex/generic/catchfile\catchfile.st
y
Package: catchfile 2019/12/09 v1.8 Catch the contents of a file (HO)

(C:\Users\Home\AppData\Local\Programs\MiKTeX\tex/generic/infwarerr\infwarerr.st
y
Package: infwarerr 2019/12/03 v1.5 Providing info/warning/error messages (HO)
) (C:\Users\Home\AppData\Local\Programs\MiKTeX\tex/generic/ltxcmds\ltxcmds.sty
Package: ltxcmds 2023-12-04 v1.26 LaTeX kernel commands for general use (HO)
)
(C:\Users\Home\AppData\Local\Programs\MiKTeX\tex/generic/etexcmds\etexcmds.sty
Package: etexcmds 2019/12/15 v1.7 Avoid name clashes with e-TeX commands (HO)
)) (C:\Users\Home\AppData\Local\Programs\MiKTeX\tex/latex/fvextra\fvextra.sty
Package: fvextra 2026/02/25 v1.14.0 fvextra - extensions and patches for fancyv
rb

(C:\Users\Home\AppData\Local\Programs\MiKTeX\tex/latex/fancyvrb\fancyvrb.sty
Package: fancyvrb 2026/04/16 4.6a verbatim text (tvz,hv)
\FV@CodeLineNo=\count369
\FV@InFile=\read2
\FV@TabBox=\box62
\c@FancyVerbLine=\count370
\FV@StepNumber=\count371
\FV@OutFile=\write3
)
(C:\Users\Home\AppData\Local\Programs\MiKTeX\tex/latex/upquote\upquote.sty
Package: upquote 2012/04/19 v1.3 upright-quote and grave-accent glyphs in verba
tim
)
(C:\Users\Home\AppData\Local\Programs\MiKTeX\tex/latex/lineno\lineno.sty
Package: lineno 2026/03/08 line numbers on paragraphs v5.9

(C:\Users\Home\AppData\Local\Programs\MiKTeX\tex/latex/kvoptions\kvoptions.sty
Package: kvoptions 2022-06-15 v3.15 Key value format for package options (HO)

(C:\Users\Home\AppData\Local\Programs\MiKTeX\tex/latex/kvsetkeys\kvsetkeys.sty
Package: kvsetkeys 2022-10-05 v1.19 Key value parser (HO)
))
\linenopenalty=\count372
\output=\toks28
\linenoprevgraf=\count373
\linenumbersep=\dimen260
\linenumberwidth=\dimen261
\c@linenumber=\count374
\c@pagewiselinenumber=\count375
\c@LN@truepage=\count376
\c@internallinenumber=\count377
\c@internallinenumbers=\count378
\quotelinenumbersep=\dimen262
\bframerule=\dimen263
\bframesep=\dimen264
\bframebox=\box63
)
\c@FancyVerbWriteLine=\count379
\c@FancyVerbBufferLine=\count380
\c@FV@TrueTabGroupLevel=\count381
\c@FV@TrueTabCounter=\count382
\FV@TabBox@Group=\box64
\FV@bgcolorstructbox=\box65
\FV@TmpLength=\skip127
\c@FV@HighlightLinesStart=\count383
\c@FV@HighlightLinesStop=\count384
\FV@LoopCount=\count385
\FV@NCharsBox=\box66
\FV@BreakIndent=\dimen265
\FV@BreakIndentNChars=\count386
\FV@BreakSymbolSepLeft=\dimen266
\FV@BreakSymbolSepLeftNChars=\count387
\FV@BreakSymbolSepRight=\dimen267
\FV@BreakSymbolSepRightNChars=\count388
\FV@BreakSymbolIndentLeft=\dimen268
\FV@BreakSymbolIndentLeftNChars=\count389
\FV@BreakSymbolIndentRight=\dimen269
\FV@BreakSymbolIndentRightNChars=\count390
\c@FancyVerbLineBreakLast=\count391
\FV@LineBox=\box67
\FV@LineIndentBox=\box68
\c@FV@BreakBufferDepth=\count392
\FV@LineWidth=\dimen270
)
(C:\Users\Home\AppData\Local\Programs\MiKTeX\tex/latex/latex2pydata\latex2pydat
a.sty
Package: latex2pydata 2026/02/25 v0.7.0 latex2pydata - write data to file in Py
thon literal format
)
(C:\Users\Home\AppData\Local\Programs\MiKTeX\tex/latex/pgf/utilities\pgfkeys.st
y
(C:\Users\Home\AppData\Local\Programs\MiKTeX\tex/generic/pgf/utilities\pgfkeys.
code.tex
\pgfkeys@pathtoks=\toks29
\pgfkeys@temptoks=\toks30

(C:\Users\Home\AppData\Local\Programs\MiKTeX\tex/generic/pgf/utilities\pgfkeysl
ibraryfiltered.code.tex
\pgfkeys@tmptoks=\toks31
)))
(C:\Users\Home\AppData\Local\Programs\MiKTeX\tex/latex/pgfopts\pgfopts.sty
Package: pgfopts 2014/07/10 v2.1a LaTeX package options with pgfkeys
\pgfopts@list@add@a@toks=\toks32
\pgfopts@list@add@b@toks=\toks33
)
(C:\Users\Home\AppData\Local\Programs\MiKTeX\tex/latex/tools\shellesc.sty
Package: shellesc 2023/07/08 v1.0d unified shell escape interface for LaTeX
Package shellesc Info: Unrestricted shell escape enabled on input line 75.
)
(C:\Users\Home\AppData\Local\Programs\MiKTeX\tex/latex/float\float.sty
Package: float 2001/11/08 v1.3d Float enhancements (AL)
\c@float@type=\count393
\float@exts=\toks34
\float@box=\box69
\@float@everytoks=\toks35
\@floatcapt=\box70
)
\c@minted@FancyVerbLineTemp=\count394
\@float@every@listing=\toks36
\c@listing=\count395
)
(C:\Users\Home\AppData\Local\Programs\MiKTeX\tex/generic/babel\babel.sty
Package: babel 2025/12/11 v25.17 The multilingual framework for LuaLaTeX, pdfLa
TeX and XeLaTeX
\babel@savecnt=\count396
LaTeX Encoding Info:    Redeclaring text command \ij (encoding OT1) on input li
ne 2068.
LaTeX Encoding Info:    Redeclaring text command \IJ (encoding OT1) on input li
ne 2070.
LaTeX Encoding Info:    Redeclaring text command \ij (encoding T1) on input lin
e 2072.
LaTeX Encoding Info:    Redeclaring text command \IJ (encoding T1) on input lin
e 2073.
LaTeX Encoding Info:    Ignoring declaration for text command \ij (encoding ?) 
on input line 2074.
LaTeX Encoding Info:    Ignoring declaration for text command \IJ (encoding ?) 
on input line 2076.
LaTeX Encoding Info:    Ignoring declaration for text command \SS (encoding ?) 
on input line 2101.
\U@D=\dimen271
\l@unhyphenated=\language79

(C:\Users\Home\AppData\Local\Programs\MiKTeX\tex/generic/babel\xebabel.def)
\bbl@readstream=\read3
\bbl@dirlevel=\count397
Package babel Info: Configuration files are deprecated, as
(babel)             they can break document portability.
(babel)             Reported on input line 4196.

*************************************
* Local config file bblopts.cfg used
*
(C:\Users\Home\AppData\Local\Programs\MiKTeX\tex/latex/arabi\bblopts.cfg
File: bblopts.cfg 2005/09/08 v0.1 add Arabic and Farsi to "declared" options of
 babel
)
(C:\Users\Home\AppData\Local\Programs\MiKTeX\tex/generic/babel/locale/es\babel-
spanish.tex)
(C:\Users\Home\AppData\Local\Programs\MiKTeX\tex/generic/babel/locale/en\babel-
english.tex)
Package babel Info: Importing font and identification data for spanish
(babel)             from babel-es.ini. Reported on input line 4320.

(C:\Users\Home\AppData\Local\Programs\MiKTeX\tex/latex/babel-spanish\spanish.ld
f
Language: spanish.ldf 2021/05/27 v5.0q Spanish support from the babel system
\es@quottoks=\toks37
\es@quotdepth=\count398
Package babel Info: Making " an active character on input line 570.
Package babel Info: Making . an active character on input line 675.
Package babel Info: Making < an active character on input line 722.
Package babel Info: Making > an active character on input line 722.
)
Package babel Info: Importing font and identification data for english
(babel)             from babel-en.ini. Reported on input line 4320.

(C:\Users\Home\AppData\Local\Programs\MiKTeX\tex/latex/babel-english\english.ld
f
Language: english 2017/06/06 v3.3r English support from the babel system
Package babel Info: Hyphen rules for 'canadian' set to \l@english
(babel)             (\language0). Reported on input line 102.
Package babel Info: Hyphen rules for 'australian' set to \l@ukenglish
(babel)             (\language73). Reported on input line 105.
Package babel Info: Hyphen rules for 'newzealand' set to \l@ukenglish
(babel)             (\language73). Reported on input line 108.
))
(C:\Users\Home\AppData\Local\Programs\MiKTeX\tex/latex/csquotes\csquotes.sty
Package: csquotes 2026-05-19 v5.2p context-sensitive quotations (JAW)
\csq@reset=\count399
\csq@gtype=\count400
\csq@glevel=\count401
\csq@qlevel=\count402
\csq@maxlvl=\count403
\csq@tshold=\count404
\csq@ltx@everypar=\toks38

(C:\Users\Home\AppData\Local\Programs\MiKTeX\tex/latex/csquotes\csquotes.def
File: csquotes.def 2026-05-19 v5.2p csquotes generic definitions (JAW)
)
Package csquotes Info: Trying to load configuration file 'csquotes.cfg'...
Package csquotes Info: ... configuration file loaded successfully.

(C:\Users\Home\AppData\Local\Programs\MiKTeX\tex/latex/csquotes\csquotes.cfg
File: csquotes.cfg 
))
(C:\Users\Home\AppData\Local\Programs\MiKTeX\tex/latex/amsmath\amsmath.sty
Package: amsmath 2025/07/09 v2.17z AMS math features
\@mathmargin=\skip128

For additional information on amsmath, use the `?' option.
(C:\Users\Home\AppData\Local\Programs\MiKTeX\tex/latex/amsmath\amstext.sty
Package: amstext 2024/11/17 v2.01 AMS text

(C:\Users\Home\AppData\Local\Programs\MiKTeX\tex/latex/amsmath\amsgen.sty
File: amsgen.sty 1999/11/30 v2.0 generic functions
\@emptytoks=\toks39
\ex@=\dimen272
))
(C:\Users\Home\AppData\Local\Programs\MiKTeX\tex/latex/amsmath\amsbsy.sty
Package: amsbsy 1999/11/29 v1.2d Bold Symbols
\pmbraise@=\dimen273
)
(C:\Users\Home\AppData\Local\Programs\MiKTeX\tex/latex/amsmath\amsopn.sty
Package: amsopn 2022/04/08 v2.04 operator names
)
\inf@bad=\count405
LaTeX Info: Redefining \frac on input line 233.
\uproot@=\count406
\leftroot@=\count407
LaTeX Info: Redefining \overline on input line 398.
LaTeX Info: Redefining \colon on input line 409.
\classnum@=\count408
\DOTSCASE@=\count409
LaTeX Info: Redefining \ldots on input line 495.
LaTeX Info: Redefining \dots on input line 498.
LaTeX Info: Redefining \cdots on input line 619.
\Mathstrutbox@=\box71
\strutbox@=\box72
LaTeX Info: Redefining \big on input line 721.
LaTeX Info: Redefining \Big on input line 722.
LaTeX Info: Redefining \bigg on input line 723.
LaTeX Info: Redefining \Bigg on input line 724.
\big@size=\dimen274
LaTeX Font Info:    Redeclaring font encoding OML on input line 742.
LaTeX Font Info:    Redeclaring font encoding OMS on input line 743.
\macc@depth=\count410
LaTeX Info: Redefining \bmod on input line 904.
LaTeX Info: Redefining \pmod on input line 909.
LaTeX Info: Redefining \smash on input line 939.
LaTeX Info: Redefining \relbar on input line 969.
LaTeX Info: Redefining \Relbar on input line 970.
\c@MaxMatrixCols=\count411
\dotsspace@=\muskip17
\c@parentequation=\count412
\dspbrk@lvl=\count413
\tag@help=\toks40
\row@=\count414
\column@=\count415
\maxfields@=\count416
\andhelp@=\toks41
\eqnshift@=\dimen275
\alignsep@=\dimen276
\tagshift@=\dimen277
\tagwidth@=\dimen278
\totwidth@=\dimen279
\lineht@=\dimen280
\@envbody=\toks42
\multlinegap=\skip129
\multlinetaggap=\skip130
\mathdisplay@stack=\toks43
LaTeX Info: Redefining \[ on input line 2950.
LaTeX Info: Redefining \] on input line 2951.
)
\@LN@amsmath@ams@eqpen=\count417

(C:\Users\Home\AppData\Local\Programs\MiKTeX\tex/latex/amsfonts\amssymb.sty
Package: amssymb 2013/01/14 v3.01 AMS font symbols

(C:\Users\Home\AppData\Local\Programs\MiKTeX\tex/latex/amsfonts\amsfonts.sty
Package: amsfonts 2013/01/14 v3.01 Basic AMSFonts support
\symAMSa=\mathgroup4
\symAMSb=\mathgroup5
LaTeX Font Info:    Redeclaring math symbol \hbar on input line 98.
LaTeX Font Info:    Overwriting math alphabet `\mathfrak' in version `bold'
(Font)                  U/euf/m/n --> U/euf/b/n on input line 106.
))
(C:\Users\Home\AppData\Local\Programs\MiKTeX\tex/latex/caption\caption.sty
Package: caption 2023/08/05 v3.6o Customizing captions (AR)

(C:\Users\Home\AppData\Local\Programs\MiKTeX\tex/latex/caption\caption3.sty
Package: caption3 2023/07/31 v2.4d caption3 kernel (AR)
\caption@tempdima=\dimen281
\captionmargin=\dimen282
\caption@leftmargin=\dimen283
\caption@rightmargin=\dimen284
\caption@width=\dimen285
\caption@indent=\dimen286
\caption@parindent=\dimen287
\caption@hangindent=\dimen288
Package caption Info: Standard document class detected.
)
\c@caption@flags=\count418
\c@continuedfloat=\count419
Package caption Info: float package is loaded.
Package caption Info: longtable package is loaded.

(C:\Users\Home\AppData\Local\Programs\MiKTeX\tex/latex/caption\ltcaption.sty
Package: ltcaption 2021/01/08 v1.4c longtable captions (AR)
))
(C:\Users\Home\AppData\Local\Programs\MiKTeX\tex/latex/caption\subcaption.sty
Package: subcaption 2023/07/28 v1.6b Sub-captions (AR)
Package caption Info: New subtype `subfigure' on input line 238.
\c@subfigure=\count420
Package caption Info: New subtype `subtable' on input line 238.
\c@subtable=\count421
)
(C:\Users\Home\AppData\Local\Programs\MiKTeX\tex/latex/needspace\needspace.sty
Package: needspace 2025/03/13 v1.3e reserve vertical space
) (C:\Users\Home\AppData\Local\Programs\MiKTeX\tex/latex/adjustbox\adjustbox.st
y
Package: adjustbox 2025/02/26 v1.3c Adjusting TeX boxes (trim, clip, ...)
(C:\Users\Home\AppData\Local\Programs\MiKTeX\tex/latex/adjustbox\adjcalc.sty
Package: adjcalc 2012/05/16 v1.1 Provides advanced setlength with multiple back
-ends (calc, etex, pgfmath)
)
(C:\Users\Home\AppData\Local\Programs\MiKTeX\tex/latex/adjustbox\trimclip.sty
Package: trimclip 2025/02/21 v1.2a Trim and clip general TeX material

(C:\Users\Home\AppData\Local\Programs\MiKTeX\tex/latex/collectbox\collectbox.st
y
Package: collectbox 2022/10/17 v0.4c Collect macro arguments as boxes
\collectedbox=\box73
)
\tc@llx=\dimen289
\tc@lly=\dimen290
\tc@urx=\dimen291
\tc@ury=\dimen292
Package trimclip Info: Using driver 'tc-xetex.def'.

(C:\Users\Home\AppData\Local\Programs\MiKTeX\tex/latex/adjustbox\tc-xetex.def
File: tc-xetex.def 2019/01/04 v2.2 Clipping driver for xetex
))
\adjbox@Width=\dimen293
\adjbox@Height=\dimen294
\adjbox@Depth=\dimen295
\adjbox@Totalheight=\dimen296
\adjbox@pwidth=\dimen297
\adjbox@pheight=\dimen298
\adjbox@pdepth=\dimen299
\adjbox@ptotalheight=\dimen300
(C:\Users\Home\AppData\Local\Programs\MiKTeX\tex/latex/ifoddpage\ifoddpage.sty
Package: ifoddpage 2022/10/18 v1.2 Conditionals for odd/even page detection
\c@checkoddpage=\count422
) (C:\Users\Home\AppData\Local\Programs\MiKTeX\tex/latex/varwidth\varwidth.sty
Package: varwidth 2009/03/30 ver 0.92;  Variable-width minipages
\@vwid@box=\box74
\sift@deathcycles=\count423
\@vwid@loff=\dimen301
\@vwid@roff=\dimen302
)
==> First Aid for varwidth.sty applied!
)) (template/bibliografia.tex
(C:\Users\Home\AppData\Local\Programs\MiKTeX\tex/latex/biblatex\biblatex.sty
Package: biblatex 2025/07/10 v3.21 programmable bibliographies (PK/MW)

(C:\Users\Home\AppData\Local\Programs\MiKTeX\tex/generic/pdftexcmds\pdftexcmds.
sty
Package: pdftexcmds 2020-06-27 v0.33 Utility functions of pdfTeX for LuaTeX (HO
)
Package pdftexcmds Info: \pdf@primitive is available.
Package pdftexcmds Info: \pdf@ifprimitive is available.
Package pdftexcmds Info: \pdfdraftmode not found.
) (C:\Users\Home\AppData\Local\Programs\MiKTeX\tex/latex/logreq\logreq.sty
Package: logreq 2010/08/04 v1.0 xml request logger
\lrq@indent=\count424

(C:\Users\Home\AppData\Local\Programs\MiKTeX\tex/latex/logreq\logreq.def
File: logreq.def 2010/08/04 v1.0 logreq spec v1.0
))
(C:\Users\Home\AppData\Local\Programs\MiKTeX\tex/latex/url\url.sty
\Urlmuskip=\muskip18
Package: url 2013/09/16  ver 3.4  Verb mode for urls, etc.
)
\c@tabx@nest=\count425
\c@listtotal=\count426
\c@listcount=\count427
\c@liststart=\count428
\c@liststop=\count429
\c@citecount=\count430
\c@citetotal=\count431
\c@multicitecount=\count432
\c@multicitetotal=\count433
\c@instcount=\count434
\c@maxnames=\count435
\c@minnames=\count436
\c@maxitems=\count437
\c@minitems=\count438
\c@citecounter=\count439
\c@maxcitecounter=\count440
\c@savedcitecounter=\count441
\c@uniquelist=\count442
\c@uniquename=\count443
\c@refsection=\count444
\c@refsegment=\count445
\c@maxextratitle=\count446
\c@maxextratitleyear=\count447
\c@maxextraname=\count448
\c@maxextradate=\count449
\c@maxextraalpha=\count450
\c@abbrvpenalty=\count451
\c@highnamepenalty=\count452
\c@lownamepenalty=\count453
\c@maxparens=\count454
\c@parenlevel=\count455
\blx@tempcnta=\count456
\blx@tempcntb=\count457
\blx@tempcntc=\count458
\c@blx@maxsection=\count459
\blx@maxsegment@0=\count460
\blx@notetype=\count461
\blx@parenlevel@text=\count462
\blx@parenlevel@foot=\count463
\blx@sectionciteorder@0=\count464
\blx@sectionciteorderinternal@0=\count465
\blx@entrysetcounter=\count466
\blx@biblioinstance=\count467
\labelnumberwidth=\skip131
\labelalphawidth=\skip132
\biblabelsep=\skip133
\bibitemsep=\skip134
\bibnamesep=\skip135
\bibinitsep=\skip136
\bibparsep=\skip137
\bibhang=\skip138
\blx@bcfin=\read4
\blx@bcfout=\write4
\blx@langwohyphens=\language80
\c@mincomprange=\count468
\c@maxcomprange=\count469
\c@mincompwidth=\count470
Package biblatex Info: Trying to load biblatex default data model...
Package biblatex Info: ... file 'blx-dm.def' found.

(C:\Users\Home\AppData\Local\Programs\MiKTeX\tex/latex/biblatex\blx-dm.def
File: blx-dm.def 2025/07/10 v3.21 biblatex datamodel (PK/MW)
)
Package biblatex Info: Trying to load biblatex style data model...
Package biblatex Info: ... file 'ieee.dbx' not found.
Package biblatex Info: Trying to load biblatex custom data model...
Package biblatex Info: ... file 'biblatex-dm.cfg' not found.
\c@afterword=\count471
\c@savedafterword=\count472
\c@annotator=\count473
\c@savedannotator=\count474
\c@author=\count475
\c@savedauthor=\count476
\c@bookauthor=\count477
\c@savedbookauthor=\count478
\c@commentator=\count479
\c@savedcommentator=\count480
\c@editor=\count481
\c@savededitor=\count482
\c@editora=\count483
\c@savededitora=\count484
\c@editorb=\count485
\c@savededitorb=\count486
\c@editorc=\count487
\c@savededitorc=\count488
\c@foreword=\count489
\c@savedforeword=\count490
\c@holder=\count491
\c@savedholder=\count492
\c@introduction=\count493
\c@savedintroduction=\count494
\c@namea=\count495
\c@savednamea=\count496
\c@nameb=\count497
\c@savednameb=\count498
\c@namec=\count499
\c@savednamec=\count500
\c@translator=\count501
\c@savedtranslator=\count502
\c@shortauthor=\count503
\c@savedshortauthor=\count504
\c@shorteditor=\count505
\c@savedshorteditor=\count506
\c@labelname=\count507
\c@savedlabelname=\count508
\c@institution=\count509
\c@savedinstitution=\count510
\c@lista=\count511
\c@savedlista=\count512
\c@listb=\count513
\c@savedlistb=\count514
\c@listc=\count515
\c@savedlistc=\count516
\c@listd=\count517
\c@savedlistd=\count518
\c@liste=\count519
\c@savedliste=\count520
\c@listf=\count521
\c@savedlistf=\count522
\c@location=\count523
\c@savedlocation=\count524
\c@organization=\count525
\c@savedorganization=\count526
\c@origlocation=\count527
\c@savedoriglocation=\count528
\c@origpublisher=\count529
\c@savedorigpublisher=\count530
\c@publisher=\count531
\c@savedpublisher=\count532
\c@language=\count533
\c@savedlanguage=\count534
\c@origlanguage=\count535
\c@savedoriglanguage=\count536
\c@pageref=\count537
\c@savedpageref=\count538
\shorthandwidth=\skip139
\shortjournalwidth=\skip140
\shortserieswidth=\skip141
\shorttitlewidth=\skip142
\shortauthorwidth=\skip143
\shorteditorwidth=\skip144
\locallabelnumberwidth=\skip145
\locallabelalphawidth=\skip146
\localshorthandwidth=\skip147
\localshortjournalwidth=\skip148
\localshortserieswidth=\skip149
\localshorttitlewidth=\skip150
\localshortauthorwidth=\skip151
\localshorteditorwidth=\skip152
Package biblatex Info: Trying to load enhanced support for Unicode engines...
Package biblatex Info: ... file 'blx-unicode.def' found.

(C:\Users\Home\AppData\Local\Programs\MiKTeX\tex/latex/biblatex\blx-unicode.def
)
Package biblatex Info: Trying to load compatibility code...
Package biblatex Info: ... file 'blx-compat.def' found.

(C:\Users\Home\AppData\Local\Programs\MiKTeX\tex/latex/biblatex\blx-compat.def
File: blx-compat.def 2025/07/10 v3.21 biblatex compatibility (PK/MW)
)
Package biblatex Info: Trying to load generic definitions...
Package biblatex Info: ... file 'biblatex.def' found.
(C:\Users\Home\AppData\Local\Programs\MiKTeX\tex/latex/biblatex\biblatex.def
File: biblatex.def 2025/07/10 v3.21 biblatex compatibility (PK/MW)
\c@textcitecount=\count539
\c@textcitetotal=\count540
\c@textcitemaxnames=\count541
\c@biburlbigbreakpenalty=\count542
\c@biburlbreakpenalty=\count543
\c@biburlnumpenalty=\count544
\c@biburlucpenalty=\count545
\c@biburllcpenalty=\count546
\biburlbigskip=\muskip19
\biburlnumskip=\muskip20
\biburlucskip=\muskip21
\biburllcskip=\muskip22
\c@smartand=\count547
)
Package biblatex Info: Trying to load bibliography style 'ieee'...
Package biblatex Info: ... file 'ieee.bbx' found.

(C:\Users\Home\AppData\Local\Programs\MiKTeX\tex/latex/biblatex-ieee\ieee.bbx
File: ieee.bbx 2025-08-01 v1.4f biblatex bibliography style
Package biblatex Info: Trying to load bibliography style 'numeric-comp'...
Package biblatex Info: ... file 'numeric-comp.bbx' found.

(C:\Users\Home\AppData\Local\Programs\MiKTeX\tex/latex/biblatex/bbx\numeric-com
p.bbx
File: numeric-comp.bbx 2025/07/10 v3.21 biblatex bibliography style (PK/MW)
Package biblatex Info: Trying to load bibliography style 'numeric'...
Package biblatex Info: ... file 'numeric.bbx' found.

(C:\Users\Home\AppData\Local\Programs\MiKTeX\tex/latex/biblatex/bbx\numeric.bbx
File: numeric.bbx 2025/07/10 v3.21 biblatex bibliography style (PK/MW)
Package biblatex Info: Trying to load bibliography style 'standard'...
Package biblatex Info: ... file 'standard.bbx' found.

(C:\Users\Home\AppData\Local\Programs\MiKTeX\tex/latex/biblatex/bbx\standard.bb
x
File: standard.bbx 2025/07/10 v3.21 biblatex bibliography style (PK/MW)
\c@bbx:relatedcount=\count548
\c@bbx:relatedtotal=\count549
))))
Package biblatex Info: Trying to load citation style 'ieee'...
Package biblatex Info: ... file 'ieee.cbx' found.

(C:\Users\Home\AppData\Local\Programs\MiKTeX\tex/latex/biblatex-ieee\ieee.cbx
File: ieee.cbx 2025-08-01 v1.4f biblatex citation style
Package biblatex Info: Trying to load citation style 'numeric-verb'...
Package biblatex Info: ... file 'numeric-verb.cbx' found.

(C:\Users\Home\AppData\Local\Programs\MiKTeX\tex/latex/biblatex/cbx\numeric-ver
b.cbx
File: numeric-verb.cbx 2025/07/10 v3.21 biblatex citation style (PK/MW)
Package biblatex Info: Redefining '\cite'.
Package biblatex Info: Redefining '\parencite'.
Package biblatex Info: Redefining '\footcite'.
Package biblatex Info: Redefining '\footcitetext'.
Package biblatex Info: Redefining '\smartcite'.
Package biblatex Info: Redefining '\textcite'.
Package biblatex Info: Redefining '\supercite'.
Package biblatex Info: Redefining '\parencites'.
Package biblatex Info: Redefining '\smartcites'.
Package biblatex Info: Redefining '\textcites'.
))
Package biblatex Info: Trying to load configuration file...
Package biblatex Info: ... file 'biblatex.cfg' found.
 (biblatex.cfg)
Package biblatex Info: XeTeX detected.
(biblatex)             Assuming input encoding 'utf8'.
Package biblatex Info: Document encoding is UTF8 ....
Package biblatex Info: ... and expl3
(biblatex)             2025-12-24 L3 programming layer (loader) 
(biblatex)             is new enough (at least 2020/04/06),
(biblatex)             setting 'casechanger=expl3'.

(C:\Users\Home\AppData\Local\Programs\MiKTeX\tex/latex/biblatex\blx-case-expl3.
sty
Package: blx-case-expl3 2025/07/10 v3.21 expl3 case changing code for biblatex
))) (template/sections_config.tex) (template/toc.tex
\c@listings=\count550
\cftbeforelistingsskip=\skip153
\cftlistingsindent=\skip154
\cftlistingsnumwidth=\skip155
\c@loldepth=\count551
\cftbeforeloltitleskip=\skip156
\cftafterloltitleskip=\skip157
) (template/config.tex)
(template/celdas.tex) (parametros.tex)
(C:\Users\Home\AppData\Local\Programs\MiKTeX\tex/latex/setspace\setspace.sty
Package: setspace 2022/12/04 v6.7b set line spacing
)
(C:\Users\Home\AppData\Local\Programs\MiKTeX\tex/latex/hyperref\hyperref.sty
Package: hyperref 2025-07-12 v7.01o Hypertext links for LaTeX

(C:\Users\Home\AppData\Local\Programs\MiKTeX\tex/generic/kvdefinekeys\kvdefinek
eys.sty
Package: kvdefinekeys 2019-12-19 v1.6 Define keys (HO)
)
(C:\Users\Home\AppData\Local\Programs\MiKTeX\tex/generic/pdfescape\pdfescape.st
y
Package: pdfescape 2019/12/09 v1.15 Implements pdfTeX's escape features (HO)
) (C:\Users\Home\AppData\Local\Programs\MiKTeX\tex/latex/hycolor\hycolor.sty
Package: hycolor 2020-01-27 v1.10 Color options for hyperref/bookmark (HO)
)
(C:\Users\Home\AppData\Local\Programs\MiKTeX\tex/latex/hyperref\nameref.sty
Package: nameref 2025-06-21 v2.57 Cross-referencing by name of section

(C:\Users\Home\AppData\Local\Programs\MiKTeX\tex/latex/refcount\refcount.sty
Package: refcount 2019/12/15 v3.6 Data extraction from label references (HO)
)
(C:\Users\Home\AppData\Local\Programs\MiKTeX\tex/generic/gettitlestring\gettitl
estring.sty
Package: gettitlestring 2019/12/15 v1.6 Cleanup title references (HO)
)
\c@section@level=\count552
)
(C:\Users\Home\AppData\Local\Programs\MiKTeX\tex/generic/stringenc\stringenc.st
y
Package: stringenc 2019/11/29 v1.12 Convert strings between diff. encodings (HO
)
)
\@linkdim=\dimen303
\Hy@linkcounter=\count553
\Hy@pagecounter=\count554
 (C:\Users\Home\AppData\Local\Programs\MiKTeX\tex/latex/hyperref\pd1enc.def
File: pd1enc.def 2025-07-12 v7.01o Hyperref: PDFDocEncoding definition (HO)
)
(C:\Users\Home\AppData\Local\Programs\MiKTeX\tex/generic/intcalc\intcalc.sty
Package: intcalc 2019/12/15 v1.3 Expandable calculations with integers (HO)
)
\Hy@SavedSpaceFactor=\count555

(C:\Users\Home\AppData\Local\Programs\MiKTeX\tex/latex/hyperref\puenc.def
File: puenc.def 2025-07-12 v7.01o Hyperref: PDF Unicode definition (HO)
)
Package hyperref Info: Hyper figures OFF on input line 4195.
Package hyperref Info: Link nesting OFF on input line 4200.
Package hyperref Info: Hyper index ON on input line 4203.
Package hyperref Info: Plain pages OFF on input line 4210.
Package hyperref Info: Backreferencing OFF on input line 4215.
Package hyperref Info: Implicit mode ON; LaTeX internals redefined.
Package hyperref Info: Bookmarks ON on input line 4462.
\c@Hy@tempcnt=\count556
LaTeX Info: Redefining \url on input line 4801.
\XeTeXLinkMargin=\dimen304

(C:\Users\Home\AppData\Local\Programs\MiKTeX\tex/generic/bitset\bitset.sty
Package: bitset 2019/12/09 v1.3 Handle bit-vector datatype (HO)

(C:\Users\Home\AppData\Local\Programs\MiKTeX\tex/generic/bigintcalc\bigintcalc.
sty
Package: bigintcalc 2019/12/15 v1.5 Expandable calculations on big integers (HO
)
))
\Fld@menulength=\count557
\Field@Width=\dimen305
\Fld@charsize=\dimen306
Package hyperref Info: Hyper figures OFF on input line 6078.
Package hyperref Info: Link nesting OFF on input line 6083.
Package hyperref Info: Hyper index ON on input line 6086.
Package hyperref Info: backreferencing OFF on input line 6093.
Package hyperref Info: Link coloring OFF on input line 6098.
Package hyperref Info: Link coloring with OCG OFF on input line 6103.
Package hyperref Info: PDF/A mode OFF on input line 6108.
\Hy@abspage=\count558
\c@Item=\count559
\c@Hfootnote=\count560
)
Package hyperref Info: Driver (autodetected): hxetex.

(C:\Users\Home\AppData\Local\Programs\MiKTeX\tex/latex/hyperref\hxetex.def
File: hxetex.def 2025-07-12 v7.01o Hyperref driver for XeTeX
\pdfm@box=\box75
\c@Hy@AnnotLevel=\count561
\HyField@AnnotCount=\count562
\Fld@listcount=\count563
\c@bookmark@seq@number=\count564

(C:\Users\Home\AppData\Local\Programs\MiKTeX\tex/latex/rerunfilecheck\rerunfile
check.sty
Package: rerunfilecheck 2025-06-21 v1.11 Rerun checks for auxiliary files (HO)

(C:\Users\Home\AppData\Local\Programs\MiKTeX\tex/generic/uniquecounter\uniqueco
unter.sty
Package: uniquecounter 2019/12/15 v1.4 Provide unlimited unique counter (HO)
)
Package uniquecounter Info: New unique counter `rerunfilecheck' on input line 2
84.
)
\Hy@SectionHShift=\skip158
)
Package hyperref Info: Option `bookmarksnumbered' set `true' on input line 77.

(C:\Users\Home\AppData\Local\Programs\MiKTeX\tex/latex/newtx\TeXGyreTermesX.fon
tspec)

Package fontspec Info: 
(fontspec)             TeXGyreTermesX-Regular scale = 1.


Package fontspec Info: 
(fontspec)             TeXGyreTermesX-Regular scale = 1.


Package fontspec Info: 
(fontspec)             TeXGyreTermesX-Regular scale = 1.


Package fontspec Info: 
(fontspec)             TeXGyreTermesX-Bold scale = 1.


Package fontspec Info: 
(fontspec)             TeXGyreTermesX-Bold scale = 1.


Package fontspec Info: 
(fontspec)             TeXGyreTermesX-Italic scale = 1.


Package fontspec Info: 
(fontspec)             TeXGyreTermesX-Italic scale = 1.


Package fontspec Info: 
(fontspec)             TeXGyreTermesX-Slanted scale = 1.


Package fontspec Info: 
(fontspec)             TeXGyreTermesX-Slanted scale = 1.


Package fontspec Info: 
(fontspec)             TeXGyreTermesX-BoldItalic scale = 1.


Package fontspec Info: 
(fontspec)             TeXGyreTermesX-BoldItalic scale = 1.


Package fontspec Info: 
(fontspec)             TeXGyreTermesX-BoldSlanted scale = 1.


Package fontspec Info: 
(fontspec)             TeXGyreTermesX-BoldSlanted scale = 1.


Package fontspec Info: 
(fontspec)             Font family 'TeXGyreTermesX(0)' created for font
(fontspec)             'TeXGyreTermesX' with options [Ligatures = TeX,Scale =
(fontspec)             1,Extension = .otf,SmallCapsFeatures={RawFeature =
(fontspec)             +pcap},RawFeature=-ss05,Ligatures=TeX,Extension =
(fontspec)             .otf,UprightFont = TeXGyreTermesX-Regular,BoldFont =
(fontspec)             TeXGyreTermesX-Bold,ItalicFont =
(fontspec)             TeXGyreTermesX-Italic,BoldItalicFont =
(fontspec)             TeXGyreTermesX-BoldItalic,SlantedFont =
(fontspec)             *-Slanted,BoldSlantedFont= *-BoldSlanted,Numbers =
(fontspec)             {Monospaced,Lining}].
(fontspec)              
(fontspec)              This font family consists of the following NFSS
(fontspec)             series/shapes:
(fontspec)              
(fontspec)             - 'normal' (m/n) with NFSS spec.:
(fontspec)             <->s*[1]"[TeXGyreTermesX-Regular.otf]/OT:script=latn;lan
guage=dflt;-ss05;+tnum;+lnum;mapping=tex-text;"
(fontspec)             - 'small caps'  (m/sc) with NFSS spec.:
(fontspec)             <->s*[1]"[TeXGyreTermesX-Regular.otf]/OT:script=latn;lan
guage=dflt;-ss05;+tnum;+lnum;+smcp;+pcap;mapping=tex-text;"
(fontspec)             - 'bold' (b/n) with NFSS spec.:
(fontspec)             <->s*[1]"[TeXGyreTermesX-Bold.otf]/OT:script=latn;langua
ge=dflt;-ss05;+tnum;+lnum;mapping=tex-text;"
(fontspec)             - 'bold small caps'  (b/sc) with NFSS spec.:
(fontspec)             <->s*[1]"[TeXGyreTermesX-Bold.otf]/OT:script=latn;langua
ge=dflt;-ss05;+tnum;+lnum;+smcp;+pcap;mapping=tex-text;"
(fontspec)             - 'italic' (m/it) with NFSS spec.:
(fontspec)             <->s*[1]"[TeXGyreTermesX-Italic.otf]/OT:script=latn;lang
uage=dflt;-ss05;+tnum;+lnum;mapping=tex-text;"
(fontspec)             - 'italic small caps'  (m/scit) with NFSS spec.:
(fontspec)             <->s*[1]"[TeXGyreTermesX-Italic.otf]/OT:script=latn;lang
uage=dflt;-ss05;+tnum;+lnum;+smcp;+pcap;mapping=tex-text;"
(fontspec)             - 'slanted' (m/sl) with NFSS spec.:
(fontspec)             <->s*[1]"[TeXGyreTermesX-Slanted.otf]/OT:script=latn;lan
guage=dflt;-ss05;+tnum;+lnum;mapping=tex-text;"
(fontspec)             - 'slanted small caps'  (m/scsl) with NFSS spec.:
(fontspec)             <->s*[1]"[TeXGyreTermesX-Slanted.otf]/OT:script=latn;lan
guage=dflt;-ss05;+tnum;+lnum;+smcp;+pcap;mapping=tex-text;"
(fontspec)             - 'bold italic' (b/it) with NFSS spec.:
(fontspec)             <->s*[1]"[TeXGyreTermesX-BoldItalic.otf]/OT:script=latn;
language=dflt;-ss05;+tnum;+lnum;mapping=tex-text;"
(fontspec)             - 'bold italic small caps'  (b/scit) with NFSS spec.:
(fontspec)             <->s*[1]"[TeXGyreTermesX-BoldItalic.otf]/OT:script=latn;
language=dflt;-ss05;+tnum;+lnum;+smcp;+pcap;mapping=tex-text;"
(fontspec)             - 'bold slanted' (b/sl) with NFSS spec.:
(fontspec)             <->s*[1]"[TeXGyreTermesX-BoldSlanted.otf]/OT:script=latn
;language=dflt;-ss05;+tnum;+lnum;mapping=tex-text;"
(fontspec)             - 'bold slanted small caps'  (b/scsl) with NFSS spec.:
(fontspec)             <->s*[1]"[TeXGyreTermesX-BoldSlanted.otf]/OT:script=latn
;language=dflt;-ss05;+tnum;+lnum;+smcp;+pcap;mapping=tex-text;"

LaTeX Font Info:    Font shape `TU/TeXGyreTermesX(0)/m/n' will be
(Font)              scaled to size 12.0pt on input line 83.
Package csquotes Info: Checking for multilingual support...
Package csquotes Info: ... found 'babel' package.
Package csquotes Info: Adjusting default style.
Package csquotes Info: Redefining alias 'default' -> 'english'.
 (main.aux)
\openout1 = `main.aux'.

LaTeX Font Info:    Checking defaults for OML/cmm/m/it on input line 83.
LaTeX Font Info:    ... okay on input line 83.
LaTeX Font Info:    Checking defaults for OMS/cmsy/m/n on input line 83.
LaTeX Font Info:    ... okay on input line 83.
LaTeX Font Info:    Checking defaults for OT1/cmr/m/n on input line 83.
LaTeX Font Info:    ... okay on input line 83.
LaTeX Font Info:    Checking defaults for T1/cmr/m/n on input line 83.
LaTeX Font Info:    ... okay on input line 83.
LaTeX Font Info:    Checking defaults for TS1/cmr/m/n on input line 83.
LaTeX Font Info:    ... okay on input line 83.
LaTeX Font Info:    Checking defaults for TU/lmr/m/n on input line 83.
LaTeX Font Info:    ... okay on input line 83.
LaTeX Font Info:    Checking defaults for OMX/cmex/m/n on input line 83.
LaTeX Font Info:    ... okay on input line 83.
LaTeX Font Info:    Checking defaults for U/cmr/m/n on input line 83.
LaTeX Font Info:    ... okay on input line 83.
LaTeX Font Info:    Checking defaults for PD1/pdf/m/n on input line 83.
LaTeX Font Info:    ... okay on input line 83.
LaTeX Font Info:    Checking defaults for PU/pdf/m/n on input line 83.
LaTeX Font Info:    ... okay on input line 83.

*geometry* driver: auto-detecting
*geometry* detected driver: xetex
*geometry* verbose mode - [ preamble ] result:
* driver: xetex
* paper: letterpaper
* layout: <same size as paper>
* layoutoffset:(h,v)=(0.0pt,0.0pt)
* modes: 
* h-part:(L,W,R)=(71.13188pt, 472.03123pt, 71.13188pt)
* v-part:(T,H,B)=(71.13188pt, 652.70622pt, 71.13188pt)
* \paperwidth=614.295pt
* \paperheight=794.96999pt
* \textwidth=472.03123pt
* \textheight=652.70622pt
* \oddsidemargin=-1.1381pt
* \evensidemargin=-1.1381pt
* \topmargin=-38.1381pt
* \headheight=12.0pt
* \headsep=25.0pt
* \topskip=12.0pt
* \footskip=30.0pt
* \marginparwidth=44.0pt
* \marginparsep=10.0pt
* \columnsep=10.0pt
* \skip\footins=10.8pt plus 4.0pt minus 2.0pt
* \hoffset=0.0pt
* \voffset=0.0pt
* \mag=1000
* \@twocolumnfalse
* \@twosidefalse
* \@mparswitchfalse
* \@reversemarginfalse
* (1in=72.27pt=25.4mm, 1cm=28.453pt)

Package caption Info: Begin \AtBeginDocument code.
Package caption Info: hyperref package is loaded.
Package caption Info: End \AtBeginDocument code.
Package biblatex Info: Trying to load language 'english'...
Package biblatex Info: ... file 'english.lbx' found.

(C:\Users\Home\AppData\Local\Programs\MiKTeX\tex/latex/biblatex/lbx\english.lbx
File: english.lbx 2025/07/10 v3.21 biblatex localization (PK/MW)
)
Package biblatex Info: Trying to load language 'spanish'...
Package biblatex Info: ... file 'spanish.lbx' found.

(C:\Users\Home\AppData\Local\Programs\MiKTeX\tex/latex/biblatex/lbx\spanish.lbx
File: spanish.lbx 2025/07/10 v3.21 biblatex localization (PK/MW)
)
Package biblatex Info: XeTeX detected.
(biblatex)             Assuming input encoding 'utf8'.
Package biblatex Info: Automatic encoding selection.
(biblatex)             Assuming data encoding 'utf8'.
\openout4 = `main.bcf'.

Package biblatex Info: Trying to load bibliographic data...
Package biblatex Info: ... file 'main.bbl' found.
 (main.bbl)
Package biblatex Info: Reference section=0 on input line 83.
Package biblatex Info: Reference segment=0 on input line 83.
Package hyperref Info: Link coloring OFF on input line 83.
 (main.out) (main.out)
\@outlinefile=\write5
\openout5 = `main.out'.

 (templatepages/paginaportada.tex
LaTeX Font Info:    Font shape `TU/TeXGyreTermesX(0)/b/n' will be
(Font)              scaled to size 12.0pt on input line 4.
File: templatefigures/Escudo_USB.png Graphic file (type bmp)
<templatefigures/Escudo_USB.png>
 [1

])
LaTeX Font Info:    Font shape `TU/TeXGyreTermesX(0)/m/n' will be
(Font)              scaled to size 10.0pt on input line 112.

(templatepages/paginalegal.tex (templatetables/tabla_como_referenciar.tex
LaTeX Font Info:    Trying to load font information for U+msa on input line 11.


(C:\Users\Home\AppData\Local\Programs\MiKTeX\tex/latex/amsfonts\umsa.fd
File: umsa.fd 2013/01/14 v3.01 AMS symbols A
)
LaTeX Font Info:    Trying to load font information for U+msb on input line 11.


(C:\Users\Home\AppData\Local\Programs\MiKTeX\tex/latex/amsfonts\umsb.fd
File: umsb.fd 2013/01/14 v3.01 AMS symbols B
))
File: templatefigures/Creative_commons.jpg Graphic file (type bmp)
<templatefigures/Creative_commons.jpg>
File: templatefigures/Copyright.png Graphic file (type bmp)
<templatefigures/Copyright.png>
File: templatefigures/Biblioteca_digital.png Graphic file (type bmp)
<templatefigures/Biblioteca_digital.png>
LaTeX Font Info:    Font shape `TU/TeXGyreTermesX(0)/b/n' will be
(Font)              scaled to size 10.0pt on input line 46.

[2

]) (templatepages/paginadedicatoria.tex [3

]) (main.toc [4


]
LaTeX Font Info:    Font shape `TU/TeXGyreTermesX(0)/m/n' will be
(Font)              scaled to size 8.0pt on input line 56.
 [5] [6] [7])
\tf@toc=\write6
\openout6 = `main.toc'.


[8] (main.lot
Overfull \hbox (1.71596pt too wide) detected at line 21
\TU/TeXGyreTermesX(0)/m/n/12 XVIII 
 []


Overfull \hbox (1.71596pt too wide) detected at line 26
\TU/TeXGyreTermesX(0)/m/n/12 XXIII 
 []


Overfull \hbox (2.38797pt too wide) detected at line 27
\TU/TeXGyreTermesX(0)/m/n/12 XXIV 
 []

)
\tf@lot=\write7
\openout7 = `main.lot'.

 [9


] (main.lof
LaTeX Font Info:    Font shape `TU/texgyrecursor(0)/m/n' will be
(Font)              scaled to size 12.94958pt on input line 11.
 [10


])
\tf@lof=\write8
\openout8 = `main.lof'.

 [11] (main.lol
LaTeX Font Info:    Font shape `TU/TeXGyreTermesX(0)/m/it' will be
(Font)              scaled to size 12.0pt on input line 14.
 [12


])
\tf@lol=\write9
\openout9 = `main.lol'.

 [13] (sections/resumen.tex
LaTeX Font Info:    Font shape `TU/TeXGyreTermesX(0)/m/n' will be
(Font)              scaled to size 10.95pt on input line 1.
LaTeX Font Info:    Font shape `TU/TeXGyreTermesX(0)/b/n' will be
(Font)              scaled to size 10.95pt on input line 1.
LaTeX Font Info:    Font shape `TU/TeXGyreTermesX(0)/b/it' will be
(Font)              scaled to size 10.95pt on input line 1.
) [14


]
(sections/abstract.tex) [15


] (sections/glosario.tex)
(sections/capitulo1_introduccion.tex [16


] [17] (sections/capitulo1/contexto.tex) (sections/capitulo1/plante.tex [18

]
File: templatefigures/entradas_salidas.png Graphic file (type bmp)
<templatefigures/entradas_salidas.png>
) (sections/capitulo1/justificacion.tex)
(sections/capitulo1/propuesta_solucion.tex [19]
File: templatefigures/propuesta.png Graphic file (type bmp)
<templatefigures/propuesta.png>

Overfull \hbox (0.2128pt too wide) in paragraph at lines 9--14
[]\TU/TeXGyreTermesX(0)/m/n/12 Esta información será presentada en una interaz 
que permitirá visualizar los resultados de manera
 []

) (sections/capitulo1/pregunta_investigacion.tex [20])
(sections/capitulo1/objetivos.tex) (sections/capitulo1/objetivo_general.tex)
(sections/capitulo1/objetivos_especificos.tex)
(sections/capitulo1/alcance_restricciones.tex [21])
(sections/capitulo1/recursos_viabilidad.tex [22]))
(sections/capitulo2_marco_referencia.tex [23] [24]
(sections/capitulo2/criterios.tex) (sections/capitulo2/fundamentos_teoricos.tex
[25

]
LaTeX Font Info:    Font shape `TU/TeXGyreTermesX(0)/b/it' will be
(Font)              scaled to size 12.0pt on input line 20.
 [26] [27] [28] [29] [30] [31] [32] [33]
LaTeX Font Info:    Font shape `TU/TeXGyreTermesX(0)/m/n' will be
(Font)              scaled to size 6.0pt on input line 242.
 [34] [35] [36] [37]
LaTeX Font Info:    Font shape `TU/TeXGyreTermesX(0)/b/it' will be
(Font)              scaled to size 8.0pt on input line 333.


Package hyperref Warning: Token not allowed in a PDF string (Unicode):
(hyperref)                removing `\mathsurround' on input line 333.


Package hyperref Warning: Token not allowed in a PDF string (Unicode):
(hyperref)                removing `\z@' on input line 333.


Package hyperref Warning: Token not allowed in a PDF string (Unicode):
(hyperref)                removing `superscript' on input line 333.

[38] [39] [40] [41]) [42] (sections/capitulo2/antecedentes.tex
LaTeX Font Info:    Font shape `TU/TeXGyreTermesX(0)/m/it' will be
(Font)              scaled to size 10.95pt on input line 83.
LaTeX Font Info:    Font shape `TU/TeXGyreTermesX(0)/m/it' will be
(Font)              scaled to size 10.0pt on input line 89.
 [43] [44]
[45]) (sections/capitulo2/estandares_aplicables.tex [46]

Package hyperref Warning: Difference (2) between bookmark levels is greater 
(hyperref)                than one, level fixed on input line 5.

[47])) (sections/capitulo3_diseno_desarrollo.tex [48]
(sections/capitulo3/enfoque_metodologico.tex [49

] [50] [51])
(sections/capitulo3/procesos_tecnicos.tex [52] [53] [54]
(sections/capitulo3/procesos_tecnicos/especificacion_requisitos.tex
File: templatefigures/caso_de_uso_admin.png Graphic file (type bmp)
<templatefigures/caso_de_uso_admin.png>
 [55]
File: templatefigures/caso_de_uso_personal.png Graphic file (type bmp)
<templatefigures/caso_de_uso_personal.png>

[56] [57] [58]
Overfull \hbox (0.10083pt too wide) in paragraph at lines 78--79
\TU/TeXGyreTermesX(0)/m/n/12 corresponde al RF-11, y le permite al administrado
r consultar la bitacora completa de acciones
 []

) [59] (sections/capitulo3/procesos_tecnicos/diseño_arquitectura.tex [60]
[61]
File: templatefigures/Nivel1_Contexto.png Graphic file (type bmp)
<templatefigures/Nivel1_Contexto.png>
 [62]
File: templatefigures/Nivel2_Contenedores.png Graphic file (type bmp)
<templatefigures/Nivel2_Contenedores.png>
 [63]
File: templatefigures/Nivel3_Componentes.png Graphic file (type bmp)
<templatefigures/Nivel3_Componentes.png>
 [64]) (sections/capitulo3/procesos_tecnicos/diseño_detallado.tex (sections/cap
itulo3/procesos_tecnicos/diseño_detallado/etapa1_carga.tex
[65]

Package caption Warning: \setcaptiontype
(caption)                outside box or environment on input line 5.
See the caption package documentation for explanation.


Package caption Warning: The option `hypcap=true' will be ignored for this
(caption)                particular \caption on input line 5.
See the caption package documentation for explanation.

Package hyperref Info: bookmark level for unknown listing defaults to 0 on inpu
t line 5.
\pydata@fh@0=\write10
\openout10 = `_FAD58DE7366495DB4650CFEFAC2FCD61.data.minted'.

runsystem(latexminted config  --timestamp 20260928195814 FAD58DE7366495DB4650CF
EFAC2FCD61)...executed.

(_FAD58DE7366495DB4650CFEFAC2FCD61.config.minted)
runsystem(latexminted cleanconfig  --timestamp 20260928195814 FAD58DE7366495DB4
650CFEFAC2FCD61)...executed.

 (_minted/default.style.minted) (_minted/CCBFAB299662DEDBD1388F16472B2439.highl
ight.minted
LaTeX Font Info:    Font shape `TU/texgyrecursor(0)/m/it' will be
(Font)              scaled to size 12.94958pt on input line 12.
LaTeX Font Info:    Font shape `TU/texgyrecursor(0)/b/n' will be
(Font)              scaled to size 12.35687pt on input line 18.
 [66]))
(sections/capitulo3/procesos_tecnicos/diseño_detallado/etapa2_segmentacion.tex
[67]

Package caption Warning: The option `hypcap=true' will be ignored for this
(caption)                particular \caption on input line 15.
See the caption package documentation for explanation.

(_minted/23C6151BA532DA3F36AF65A2DB2E7922.highlight.minted [68]))
(sections/capitulo3/procesos_tecnicos/diseño_detallado/etapa3_construccion_vari
ables.tex [69]

Package caption Warning: The option `hypcap=true' will be ignored for this
(caption)                particular \caption on input line 13.
See the caption package documentation for explanation.

(_minted/B9A39490A8804DC3158436697C136568.highlight.minted)

Package caption Warning: The option `hypcap=true' will be ignored for this
(caption)                particular \caption on input line 27.
See the caption package documentation for explanation.

(_minted/76E280305BFEE4D651FD4B3B44A6EBB9.highlight.minted) [70] [71]

Package caption Warning: The option `hypcap=true' will be ignored for this
(caption)                particular \caption on input line 52.
See the caption package documentation for explanation.

(_minted/6110EA39867CF7934AC7443DCEFDC7C6.highlight.minted)

Package caption Warning: The option `hypcap=true' will be ignored for this
(caption)                particular \caption on input line 62.
See the caption package documentation for explanation.

(_minted/41B6246987A2E10D3C6D975B0974F558.highlight.minted) [72]

Package caption Warning: The option `hypcap=true' will be ignored for this
(caption)                particular \caption on input line 85.
See the caption package documentation for explanation.

(_minted/D37357669655F5071217E98EE20107C6.highlight.minted)

Package caption Warning: The option `hypcap=true' will be ignored for this
(caption)                particular \caption on input line 108.
See the caption package documentation for explanation.

(_minted/E1D93BC85152D01C5C6780F7BEFF0ED7.highlight.minted) [73]

Package caption Warning: The option `hypcap=true' will be ignored for this
(caption)                particular \caption on input line 126.
See the caption package documentation for explanation.

(_minted/135DCB4EF17B504D0BF0ABE35747D080.highlight.minted)

Package caption Warning: The option `hypcap=true' will be ignored for this
(caption)                particular \caption on input line 137.
See the caption package documentation for explanation.

(_minted/5A8187584628E913DFD7A8BC59C6E465.highlight.minted) [74]

Package caption Warning: The option `hypcap=true' will be ignored for this
(caption)                particular \caption on input line 154.
See the caption package documentation for explanation.

(_minted/C5A5B8BA644393E35EC686A842FC82D0.highlight.minted) [75]

Package caption Warning: The option `hypcap=true' will be ignored for this
(caption)                particular \caption on input line 176.
See the caption package documentation for explanation.

(_minted/D2A9EBD0FFF065936889466D57B0C3DE.highlight.minted))
(sections/capitulo3/procesos_tecnicos/diseño_detallado/etapa4_modelos_prediccio
n.tex

Package caption Warning: The option `hypcap=true' will be ignored for this
(caption)                particular \caption on input line 13.
See the caption package documentation for explanation.

(_minted/6385A0D36747C7C9131F11706E972E6B.highlight.minted)

Package caption Warning: The option `hypcap=true' will be ignored for this
(caption)                particular \caption on input line 21.
See the caption package documentation for explanation.

(_minted/9CF018CE2C3A79D4F3DFCC377FCF3AB1.highlight.minted) [76]

Package caption Warning: The option `hypcap=true' will be ignored for this
(caption)                particular \caption on input line 45.
See the caption package documentation for explanation.

(_minted/C6CA803DAD6A7EB8F4581A51C2A80A87.highlight.minted) [77]

Package caption Warning: The option `hypcap=true' will be ignored for this
(caption)                particular \caption on input line 75.
See the caption package documentation for explanation.

(_minted/72B164CBCAEB2E501A077438591A6D89.highlight.minted) [78]

Package caption Warning: The option `hypcap=true' will be ignored for this
(caption)                particular \caption on input line 105.
See the caption package documentation for explanation.

(_minted/739DBAAE097A83F0688522C021828134.highlight.minted [79]) [80] [81]

Package caption Warning: The option `hypcap=true' will be ignored for this
(caption)                particular \caption on input line 157.
See the caption package documentation for explanation.

(_minted/0DA38C635DD527F8230E77D8B489E7F9.highlight.minted)

Package caption Warning: The option `hypcap=true' will be ignored for this
(caption)                particular \caption on input line 172.
See the caption package documentation for explanation.

(_minted/E77B3C23D8DF7B25D31D377BA69F228E.highlight.minted) [82]

Package caption Warning: The option `hypcap=true' will be ignored for this
(caption)                particular \caption on input line 187.
See the caption package documentation for explanation.

(_minted/4D9B0407788EAD40F364B165A4058449.highlight.minted)

Package caption Warning: The option `hypcap=true' will be ignored for this
(caption)                particular \caption on input line 204.
See the caption package documentation for explanation.

(_minted/C22A5FD65548B769423E1F3BE61D4577.highlight.minted) [83]

Package caption Warning: The option `hypcap=true' will be ignored for this
(caption)                particular \caption on input line 226.
See the caption package documentation for explanation.

(_minted/96877CEAD7BB9C6EBBBCF6FF2A444D85.highlight.minted) [84]

Package caption Warning: The option `hypcap=true' will be ignored for this
(caption)                particular \caption on input line 244.
See the caption package documentation for explanation.

(_minted/3379F04BAC241D5ACACD7241CDA03FFD.highlight.minted) [85]

Package caption Warning: The option `hypcap=true' will be ignored for this
(caption)                particular \caption on input line 266.
See the caption package documentation for explanation.

(_minted/B9B8098CF509568CB09A92583A7441CA.highlight.minted)

Package caption Warning: The option `hypcap=true' will be ignored for this
(caption)                particular \caption on input line 292.
See the caption package documentation for explanation.

(_minted/09F4196D86BEE71DBF18F4E818790914.highlight.minted [86]))
(sections/capitulo3/procesos_tecnicos/diseño_detallado/seleccion_campeon.tex

Package caption Warning: The option `hypcap=true' will be ignored for this
(caption)                particular \caption on input line 10.
See the caption package documentation for explanation.

(_minted/C0A04925B1F0AC20EE4F567DAD2DFC54.highlight.minted) [87]

Package caption Warning: The option `hypcap=true' will be ignored for this
(caption)                particular \caption on input line 29.
See the caption package documentation for explanation.

(_minted/BDBEC82557F26B0D1B7684056FDE3637.highlight.minted) [88]

Package caption Warning: The option `hypcap=true' will be ignored for this
(caption)                particular \caption on input line 56.
See the caption package documentation for explanation.

(_minted/81A5EB574124AF2CF0F0CC408F41EA17.highlight.minted) [89]

Package caption Warning: The option `hypcap=true' will be ignored for this
(caption)                particular \caption on input line 111.
See the caption package documentation for explanation.

(_minted/C6CA803DAD6A7EB8F4581A51C2A80A87.highlight.minted))
(sections/capitulo3/procesos_tecnicos/diseño_detallado/combinacion_pronosticos.
tex [90]

Package caption Warning: The option `hypcap=true' will be ignored for this
(caption)                particular \caption on input line 8.
See the caption package documentation for explanation.

(_minted/B4B15E29B2D3271BCB8EADAC4FC1BBFD.highlight.minted) [91]

Package caption Warning: The option `hypcap=true' will be ignored for this
(caption)                particular \caption on input line 24.
See the caption package documentation for explanation.

(_minted/6A9634DDA5776865E10D90F86ED99DD3.highlight.minted))
(sections/capitulo3/procesos_tecnicos/diseño_detallado/pronostico_futuro.tex
(_minted/39B28AABBE6B4ABE4ED4F6FBC63E7387.highlight.minted [92])
(_minted/3EB27F60FFAF361E4684B5C05A7B7CA5.highlight.minted [93]) [94]
(_minted/001AA4C8A67EFDC2538764D07051ECEB.highlight.minted) [95]
(_minted/DFF3736CDDB15149D085DDD56ACD1869.highlight.minted [96]))
(sections/capitulo3/procesos_tecnicos/diseño_detallado/calculo_reposicion.tex
(_minted/01A848295DA24146D0399C13324AD808.highlight.minted [97])
(_minted/19914D2E8AA5103C7F7217B48CB84120.highlight.minted)
(_minted/3B475A46A555FEF0FBED9FDE925811DE.highlight.minted)
(_minted/4CDA8F081D6910E1187AEE91458EB8A1.highlight.minted) [98]
(_minted/CE0557910879AD327FBE5FF6046D49F4.highlight.minted)
(_minted/D648A1939FAAAEEF8EA0CC30AD3C045A.highlight.minted [99])
(_minted/73241D152CAED7BAD6FF10C9D2D95A54.highlight.minted [100]))
(sections/capitulo3/procesos_tecnicos/diseño_detallado/modelo_datos.tex
[101] [102]

Package caption Warning: The option `hypcap=true' will be ignored for this
(caption)                particular \caption on input line 56.
See the caption package documentation for explanation.

(_minted/4A5BFD544CAC683864C12F46026834C1.highlight.minted) [103]

Package caption Warning: The option `hypcap=true' will be ignored for this
(caption)                particular \caption on input line 85.
See the caption package documentation for explanation.

(_minted/8DD128728F3054749A379D2911907557.highlight.minted)
File: templatefigures/mysql_workbench_empresas.png Graphic file (type bmp)
<templatefigures/mysql_workbench_empresas.png>
 [104]
File: templatefigures/mysql_workbench_corridas.png Graphic file (type bmp)
<templatefigures/mysql_workbench_corridas.png>
) [105]
(sections/capitulo3/procesos_tecnicos/diseño_detallado/diseño_ux_ui.tex
File: templatefigures/logo.png Graphic file (type bmp)
<templatefigures/logo.png>
File: templatefigures/ux_login.png Graphic file (type bmp)
<templatefigures/ux_login.png>
File: templatefigures/ux_registro.png Graphic file (type bmp)
<templatefigures/ux_registro.png>

[106]
File: templatefigures/ux_dashboard.png Graphic file (type bmp)
<templatefigures/ux_dashboard.png>
File: templatefigures/ux_subir_archivo.png Graphic file (type bmp)
<templatefigures/ux_subir_archivo.png>
File: templatefigures/ux_prediccion.png Graphic file (type bmp)
<templatefigures/ux_prediccion.png>
 [107]
File: templatefigures/ux_usuarios.png Graphic file (type bmp)
<templatefigures/ux_usuarios.png>
File: templatefigures/ux_sidebar_empleado.png Graphic file (type bmp)
<templatefigures/ux_sidebar_empleado.png>
File: templatefigures/ux_sidebar_administrador.png Graphic file (type bmp)
<templatefigures/ux_sidebar_administrador.png>
 [108]
File: templatefigures/ux_estado_inventario.png Graphic file (type bmp)
<templatefigures/ux_estado_inventario.png>
File: templatefigures/ux_presupuesto.png Graphic file (type bmp)
<templatefigures/ux_presupuesto.png>
File: templatefigures/ux_reposicion_alertas.png Graphic file (type bmp)
<templatefigures/ux_reposicion_alertas.png>
 [109]
File: templatefigures/ux_pedidos.png Graphic file (type bmp)
<templatefigures/ux_pedidos.png>
File: templatefigures/ux_pedidos_confirmados.png Graphic file (type bmp)
<templatefigures/ux_pedidos_confirmados.png>
 [110]
File: templatefigures/ux_prox_pedidos.png Graphic file (type bmp)
<templatefigures/ux_prox_pedidos.png>
 [111]
File: templatefigures/ux_calendario_pedidos.png Graphic file (type bmp)
<templatefigures/ux_calendario_pedidos.png>
File: templatefigures/ux_cerrar_sesion.png Graphic file (type bmp)
<templatefigures/ux_cerrar_sesion.png>
 [112]
File: templatefigures/ux_alertas_visuales.png Graphic file (type bmp)
<templatefigures/ux_alertas_visuales.png>
File: templatefigures/ux_dashboard_empleado.png Graphic file (type bmp)
<templatefigures/ux_dashboard_empleado.png>
File: templatefigures/ux_dashboard_claro.png Graphic file (type bmp)
<templatefigures/ux_dashboard_claro.png>
 [113]
File: templatefigures/ux_dashboard_mobile.png Graphic file (type bmp)
<templatefigures/ux_dashboard_mobile.png>
 [114]))
(sections/capitulo3/procesos_tecnicos/analisis_amenazas.tex [115]

Package caption Warning: The option `hypcap=true' will be ignored for this
(caption)                particular \caption on input line 7.
See the caption package documentation for explanation.

(_minted/6F75B918A05E612CEFFE565A7380CB4A.highlight.minted)

Package caption Warning: The option `hypcap=true' will be ignored for this
(caption)                particular \caption on input line 15.
See the caption package documentation for explanation.

(_minted/4E8F3F73C93238E9FFA5E8B42F7EFEAA.highlight.minted)

Package caption Warning: The option `hypcap=true' will be ignored for this
(caption)                particular \caption on input line 27.
See the caption package documentation for explanation.

(_minted/81DAD8D6206678F42BB5B2D373F0B387.highlight.minted [116])

Package caption Warning: The option `hypcap=true' will be ignored for this
(caption)                particular \caption on input line 49.
See the caption package documentation for explanation.

(_minted/9E4C09E8184209590DB37ADB848602D2.highlight.minted)

Package caption Warning: The option `hypcap=true' will be ignored for this
(caption)                particular \caption on input line 63.
See the caption package documentation for explanation.

(_minted/ECD3B3FCC9F08291E5546BB21388F1AE.highlight.minted) [117]))
(sections/capitulo3/construccion_despliegue.tex
Missing character: There is no ├ in font [texgyrecursor-regular.otf]/OT:script=
latn;language=dflt;!
Missing character: There is no ─ in font [texgyrecursor-regular.otf]/OT:script=
latn;language=dflt;!
Missing character: There is no ─ in font [texgyrecursor-regular.otf]/OT:script=
latn;language=dflt;!
Missing character: There is no │ in font [texgyrecursor-regular.otf]/OT:script=
latn;language=dflt;!
Missing character: There is no ├ in font [texgyrecursor-regular.otf]/OT:script=
latn;language=dflt;!
Missing character: There is no ─ in font [texgyrecursor-regular.otf]/OT:script=
latn;language=dflt;!
Missing character: There is no ─ in font [texgyrecursor-regular.otf]/OT:script=
latn;language=dflt;!
Missing character: There is no │ in font [texgyrecursor-regular.otf]/OT:script=
latn;language=dflt;!
Missing character: There is no │ in font [texgyrecursor-regular.otf]/OT:script=
latn;language=dflt;!
Missing character: There is no ├ in font [texgyrecursor-regular.otf]/OT:script=
latn;language=dflt;!
Missing character: There is no ─ in font [texgyrecursor-regular.otf]/OT:script=
latn;language=dflt;!
Missing character: There is no ─ in font [texgyrecursor-regular.otf]/OT:script=
latn;language=dflt;!
Missing character: There is no │ in font [texgyrecursor-regular.otf]/OT:script=
latn;language=dflt;!
Missing character: There is no │ in font [texgyrecursor-regular.otf]/OT:script=
latn;language=dflt;!
Missing character: There is no └ in font [texgyrecursor-regular.otf]/OT:script=
latn;language=dflt;!
Missing character: There is no ─ in font [texgyrecursor-regular.otf]/OT:script=
latn;language=dflt;!
Missing character: There is no ─ in font [texgyrecursor-regular.otf]/OT:script=
latn;language=dflt;!
[118]
Missing character: There is no │ in font [texgyrecursor-regular.otf]/OT:script=
latn;language=dflt;!
Missing character: There is no ├ in font [texgyrecursor-regular.otf]/OT:script=
latn;language=dflt;!
Missing character: There is no ─ in font [texgyrecursor-regular.otf]/OT:script=
latn;language=dflt;!
Missing character: There is no ─ in font [texgyrecursor-regular.otf]/OT:script=
latn;language=dflt;!
Missing character: There is no │ in font [texgyrecursor-regular.otf]/OT:script=
latn;language=dflt;!
Missing character: There is no │ in font [texgyrecursor-regular.otf]/OT:script=
latn;language=dflt;!
Missing character: There is no ├ in font [texgyrecursor-regular.otf]/OT:script=
latn;language=dflt;!
Missing character: There is no ─ in font [texgyrecursor-regular.otf]/OT:script=
latn;language=dflt;!
Missing character: There is no ─ in font [texgyrecursor-regular.otf]/OT:script=
latn;language=dflt;!
Missing character: There is no │ in font [texgyrecursor-regular.otf]/OT:script=
latn;language=dflt;!
Missing character: There is no │ in font [texgyrecursor-regular.otf]/OT:script=
latn;language=dflt;!
Missing character: There is no ├ in font [texgyrecursor-regular.otf]/OT:script=
latn;language=dflt;!
Missing character: There is no ─ in font [texgyrecursor-regular.otf]/OT:script=
latn;language=dflt;!
Missing character: There is no ─ in font [texgyrecursor-regular.otf]/OT:script=
latn;language=dflt;!
Missing character: There is no │ in font [texgyrecursor-regular.otf]/OT:script=
latn;language=dflt;!
Missing character: There is no │ in font [texgyrecursor-regular.otf]/OT:script=
latn;language=dflt;!
Missing character: There is no ├ in font [texgyrecursor-regular.otf]/OT:script=
latn;language=dflt;!
Missing character: There is no ─ in font [texgyrecursor-regular.otf]/OT:script=
latn;language=dflt;!
Missing character: There is no ─ in font [texgyrecursor-regular.otf]/OT:script=
latn;language=dflt;!

Overfull \hbox (35.59235pt too wide) in paragraph at lines 41--41
[]\TU/texgyrecursor(0)/m/n/12 │   │   ├── pedidos.py            #   Registro de
 pedidos confirmados[] 
 []

Missing character: There is no │ in font [texgyrecursor-regular.otf]/OT:script=
latn;language=dflt;!
Missing character: There is no │ in font [texgyrecursor-regular.otf]/OT:script=
latn;language=dflt;!
Missing character: There is no ├ in font [texgyrecursor-regular.otf]/OT:script=
latn;language=dflt;!
Missing character: There is no ─ in font [texgyrecursor-regular.otf]/OT:script=
latn;language=dflt;!
Missing character: There is no ─ in font [texgyrecursor-regular.otf]/OT:script=
latn;language=dflt;!
Missing character: There is no │ in font [texgyrecursor-regular.otf]/OT:script=
latn;language=dflt;!
Missing character: There is no │ in font [texgyrecursor-regular.otf]/OT:script=
latn;language=dflt;!
Missing character: There is no └ in font [texgyrecursor-regular.otf]/OT:script=
latn;language=dflt;!
Missing character: There is no ─ in font [texgyrecursor-regular.otf]/OT:script=
latn;language=dflt;!
Missing character: There is no ─ in font [texgyrecursor-regular.otf]/OT:script=
latn;language=dflt;!
Missing character: There is no │ in font [texgyrecursor-regular.otf]/OT:script=
latn;language=dflt;!
Missing character: There is no │ in font [texgyrecursor-regular.otf]/OT:script=
latn;language=dflt;!
Missing character: There is no ├ in font [texgyrecursor-regular.otf]/OT:script=
latn;language=dflt;!
Missing character: There is no ─ in font [texgyrecursor-regular.otf]/OT:script=
latn;language=dflt;!
Missing character: There is no ─ in font [texgyrecursor-regular.otf]/OT:script=
latn;language=dflt;!
Missing character: There is no │ in font [texgyrecursor-regular.otf]/OT:script=
latn;language=dflt;!
Missing character: There is no │ in font [texgyrecursor-regular.otf]/OT:script=
latn;language=dflt;!
Missing character: There is no ├ in font [texgyrecursor-regular.otf]/OT:script=
latn;language=dflt;!
Missing character: There is no ─ in font [texgyrecursor-regular.otf]/OT:script=
latn;language=dflt;!
Missing character: There is no ─ in font [texgyrecursor-regular.otf]/OT:script=
latn;language=dflt;!

Overfull \hbox (58.90164pt too wide) in paragraph at lines 41--41
[]\TU/texgyrecursor(0)/m/n/12 │   │       ├── segmentacion.py    #   2. Segment
acion ABC/variabilidad[] 
 []

Missing character: There is no │ in font [texgyrecursor-regular.otf]/OT:script=
latn;language=dflt;!
Missing character: There is no │ in font [texgyrecursor-regular.otf]/OT:script=
latn;language=dflt;!
Missing character: There is no ├ in font [texgyrecursor-regular.otf]/OT:script=
latn;language=dflt;!
Missing character: There is no ─ in font [texgyrecursor-regular.otf]/OT:script=
latn;language=dflt;!
Missing character: There is no ─ in font [texgyrecursor-regular.otf]/OT:script=
latn;language=dflt;!

Overfull \hbox (27.8226pt too wide) in paragraph at lines 41--41
[]\TU/texgyrecursor(0)/m/n/12 │   │       ├── features.py        #   3. Constru
ccion de variables[] 
 []

Missing character: There is no │ in font [texgyrecursor-regular.otf]/OT:script=
latn;language=dflt;!
Missing character: There is no │ in font [texgyrecursor-regular.otf]/OT:script=
latn;language=dflt;!
Missing character: There is no ├ in font [texgyrecursor-regular.otf]/OT:script=
latn;language=dflt;!
Missing character: There is no ─ in font [texgyrecursor-regular.otf]/OT:script=
latn;language=dflt;!
Missing character: There is no ─ in font [texgyrecursor-regular.otf]/OT:script=
latn;language=dflt;!

Overfull \hbox (27.8226pt too wide) in paragraph at lines 41--41
[]\TU/texgyrecursor(0)/m/n/12 │   │       ├── modelos.py         #   4. Entrena
miento y seleccion[] 
 []

Missing character: There is no │ in font [texgyrecursor-regular.otf]/OT:script=
latn;language=dflt;!
Missing character: There is no │ in font [texgyrecursor-regular.otf]/OT:script=
latn;language=dflt;!
Missing character: There is no ├ in font [texgyrecursor-regular.otf]/OT:script=
latn;language=dflt;!
Missing character: There is no ─ in font [texgyrecursor-regular.otf]/OT:script=
latn;language=dflt;!
Missing character: There is no ─ in font [texgyrecursor-regular.otf]/OT:script=
latn;language=dflt;!

Overfull \hbox (51.13193pt too wide) in paragraph at lines 41--41
[]\TU/texgyrecursor(0)/m/n/12 │   │       ├── regresion_lineal.py#   4.1. Model
o de Regresion Lineal[] 
 []

Missing character: There is no │ in font [texgyrecursor-regular.otf]/OT:script=
latn;language=dflt;!
Missing character: There is no │ in font [texgyrecursor-regular.otf]/OT:script=
latn;language=dflt;!
Missing character: There is no ├ in font [texgyrecursor-regular.otf]/OT:script=
latn;language=dflt;!
Missing character: There is no ─ in font [texgyrecursor-regular.otf]/OT:script=
latn;language=dflt;!
Missing character: There is no ─ in font [texgyrecursor-regular.otf]/OT:script=
latn;language=dflt;!

Overfull \hbox (43.36212pt too wide) in paragraph at lines 41--41
[]\TU/texgyrecursor(0)/m/n/12 │   │       ├── validacion.py      #   5. Validac
ion cruzada temporal[] 
 []

Missing character: There is no │ in font [texgyrecursor-regular.otf]/OT:script=
latn;language=dflt;!
Missing character: There is no │ in font [texgyrecursor-regular.otf]/OT:script=
latn;language=dflt;!
Missing character: There is no ├ in font [texgyrecursor-regular.otf]/OT:script=
latn;language=dflt;!
Missing character: There is no ─ in font [texgyrecursor-regular.otf]/OT:script=
latn;language=dflt;!
Missing character: There is no ─ in font [texgyrecursor-regular.otf]/OT:script=
latn;language=dflt;!
Missing character: There is no │ in font [texgyrecursor-regular.otf]/OT:script=
latn;language=dflt;!
Missing character: There is no │ in font [texgyrecursor-regular.otf]/OT:script=
latn;language=dflt;!
Missing character: There is no ├ in font [texgyrecursor-regular.otf]/OT:script=
latn;language=dflt;!
Missing character: There is no ─ in font [texgyrecursor-regular.otf]/OT:script=
latn;language=dflt;!
Missing character: There is no ─ in font [texgyrecursor-regular.otf]/OT:script=
latn;language=dflt;!

Overfull \hbox (12.28311pt too wide) in paragraph at lines 41--41
[]\TU/texgyrecursor(0)/m/n/12 │   │       ├── reposicion.py      #   7. Puntos 
de reorden y EOQ[] 
 []

Missing character: There is no │ in font [texgyrecursor-regular.otf]/OT:script=
latn;language=dflt;!
Missing character: There is no │ in font [texgyrecursor-regular.otf]/OT:script=
latn;language=dflt;!
Missing character: There is no ├ in font [texgyrecursor-regular.otf]/OT:script=
latn;language=dflt;!
Missing character: There is no ─ in font [texgyrecursor-regular.otf]/OT:script=
latn;language=dflt;!
Missing character: There is no ─ in font [texgyrecursor-regular.otf]/OT:script=
latn;language=dflt;!
Missing character: There is no │ in font [texgyrecursor-regular.otf]/OT:script=
latn;language=dflt;!
Missing character: There is no │ in font [texgyrecursor-regular.otf]/OT:script=
latn;language=dflt;!
Missing character: There is no └ in font [texgyrecursor-regular.otf]/OT:script=
latn;language=dflt;!
Missing character: There is no ─ in font [texgyrecursor-regular.otf]/OT:script=
latn;language=dflt;!
Missing character: There is no ─ in font [texgyrecursor-regular.otf]/OT:script=
latn;language=dflt;!

Overfull \hbox (27.82262pt too wide) in paragraph at lines 41--41
[]\TU/texgyrecursor(0)/m/n/12 │   │       └── exportacion.py     #   9. Exporta
cion de resultados[] 
 []

Missing character: There is no │ in font [texgyrecursor-regular.otf]/OT:script=
latn;language=dflt;!
Missing character: There is no └ in font [texgyrecursor-regular.otf]/OT:script=
latn;language=dflt;!
Missing character: There is no ─ in font [texgyrecursor-regular.otf]/OT:script=
latn;language=dflt;!
Missing character: There is no ─ in font [texgyrecursor-regular.otf]/OT:script=
latn;language=dflt;!
Missing character: There is no └ in font [texgyrecursor-regular.otf]/OT:script=
latn;language=dflt;!
Missing character: There is no ─ in font [texgyrecursor-regular.otf]/OT:script=
latn;language=dflt;!
Missing character: There is no ─ in font [texgyrecursor-regular.otf]/OT:script=
latn;language=dflt;!
Missing character: There is no ├ in font [texgyrecursor-regular.otf]/OT:script=
latn;language=dflt;!
Missing character: There is no ─ in font [texgyrecursor-regular.otf]/OT:script=
latn;language=dflt;!
Missing character: There is no ─ in font [texgyrecursor-regular.otf]/OT:script=
latn;language=dflt;!
Missing character: There is no ├ in font [texgyrecursor-regular.otf]/OT:script=
latn;language=dflt;!
Missing character: There is no ─ in font [texgyrecursor-regular.otf]/OT:script=
latn;language=dflt;!
Missing character: There is no ─ in font [texgyrecursor-regular.otf]/OT:script=
latn;language=dflt;!
Missing character: There is no └ in font [texgyrecursor-regular.otf]/OT:script=
latn;language=dflt;!
Missing character: There is no ─ in font [texgyrecursor-regular.otf]/OT:script=
latn;language=dflt;!
Missing character: There is no ─ in font [texgyrecursor-regular.otf]/OT:script=
latn;language=dflt;!
[119]

Package caption Warning: The option `hypcap=true' will be ignored for this
(caption)                particular \caption on input line 60.
See the caption package documentation for explanation.

(_minted/1F6F785AA32757865E37CA9EC0B429E4.highlight.minted)

Package caption Warning: The option `hypcap=true' will be ignored for this
(caption)                particular \caption on input line 71.
See the caption package documentation for explanation.

(_minted/5E2995772A16F3E79C38E8769A572304.highlight.minted [120]) [121]

Package caption Warning: The option `hypcap=true' will be ignored for this
(caption)                particular \caption on input line 110.
See the caption package documentation for explanation.

(_minted/3433F6EF2A7F59CA8E9512CF87CDEA61.highlight.minted)

Package caption Warning: The option `hypcap=true' will be ignored for this
(caption)                particular \caption on input line 126.
See the caption package documentation for explanation.

(_minted/2AF517DB605F2DA3F1AC9972ACA69C0B.highlight.minted) [122]

Package caption Warning: The option `hypcap=true' will be ignored for this
(caption)                particular \caption on input line 146.
See the caption package documentation for explanation.

(_minted/1E7FD43384ED7949A0AF159EDA38F5F9.highlight.minted)
File: templatefigures/railway_servicios.png Graphic file (type bmp)
<templatefigures/railway_servicios.png>
 [123]

Package caption Warning: The option `hypcap=true' will be ignored for this
(caption)                particular \caption on input line 192.
See the caption package documentation for explanation.

(_minted/653637453976BA295238C5764F405DF9.highlight.minted)
File: templatefigures/railway_deploy_details.png Graphic file (type bmp)
<templatefigures/railway_deploy_details.png>
 [124]
File: templatefigures/railway_variables.png Graphic file (type bmp)
<templatefigures/railway_variables.png>
 [125]
File: templatefigures/railway_mysql_tablas.png Graphic file (type bmp)
<templatefigures/railway_mysql_tablas.png>

[126]
File: templatefigures/thary_login_produccion.png Graphic file (type bmp)
<templatefigures/thary_login_produccion.png>
) (sections/capitulo3/plan_verificacion_validacion.tex
(sections/capitulo3/plan_verificacion_validacion/estrategia_verificacion.tex
[127])
(sections/capitulo3/plan_verificacion_validacion/estrategia_validacion_modelo.t
ex [128])
(sections/capitulo3/plan_verificacion_validacion/criterios_aceptacion.tex
[129])
(sections/capitulo3/plan_verificacion_validacion/plan_validacion_usuarios.tex
[130]))) (sections/capitulo4_resultados.tex [131]
(sections/capitulo4/resultados_verificacion.tex
File: templatefigures/pytest_resultados_verbose.png Graphic file (type bmp)
<templatefigures/pytest_resultados_verbose.png>
 [132

]
File: templatefigures/pytest_resultados_resumen.png Graphic file (type bmp)
<templatefigures/pytest_resultados_resumen.png>
) [133]
(sections/capitulo4/resultados_validacion_modelo.tex
File: templatefigures/comparacion_WAPE_porcentaje.png Graphic file (type bmp)
<templatefigures/comparacion_WAPE_porcentaje.png>
 [134] [135]

Package caption Warning: The option `hypcap=true' will be ignored for this
(caption)                particular \caption on input line 48.
See the caption package documentation for explanation.

(_minted/3542C0AC6571E8F53AD41E16A8F09DE2.highlight.minted) [136] [137])
(sections/capitulo4/resultados_validacion.tex) [138]
(sections/capitulo4/evaluacion_seguridad_estandares.tex [139]) [140]
(sections/capitulo4/analisis_impactos.tex [141] [142])
(sections/capitulo4/conclusiones.tex [143] [144]) [145]
(sections/capitulo4/recomendaciones_mantenibilidad.tex [146])
(sections/capitulo4/trabajos_futuros.tex [147] [148])
(sections/capitulo4/declaracion_uso_responsable_ia.tex [149])) [150]
LaTeX Font Info:    Font shape `TU/TeXGyreTermesX(0)/m/sc' will be
(Font)              scaled to size 12.0pt on input line 203.
 [151


]
[152] [153]

Package biblatex Warning: No driver for 'standard'.
(biblatex)                Using fallback driver on input line 203.


Package biblatex Warning: No driver for 'standard'.
(biblatex)                Using fallback driver on input line 203.


Package biblatex Warning: No driver for 'standard'.
(biblatex)                Using fallback driver on input line 203.

[154] [155] (anexos/anexos.tex [156



] [157

]
Overfull \vbox (8.91196pt too high) has occurred while \output is active []


Overfull \vbox (8.91196pt too high) has occurred while \output is active []


[158] [159] [160] [161] [162] [163] [164] [165] [166] [167] [168] [169

]
[170] [171] [172] [173] [174] [175]
Overfull \vbox (228.28864pt too high) has occurred while \output is active []


Overfull \vbox (228.28864pt too high) has occurred while \output is active []


[176] [177] (_minted/DE379DED7A7D7592B294434A9391A8EA.highlight.minted)
(_minted/1548FA5526D3DB050E6EC39CFD626149.highlight.minted)
(_minted/9340F2FE07033F9DFE5914CA990D695E.highlight.minted)
(_minted/E56FF72A6C5EE3CFBFB1FA47B502A329.highlight.minted)
(_minted/DD015CF752F4A4BE4A4F080B4481F4F4.highlight.minted) [178

]
(_minted/653637453976BA295238C5764F405DF9.highlight.minted) [179] [180]
[181

]) [182

] (main.aux)
 ***********
LaTeX2e <2025-11-01>
L3 programming layer <2020/03/25>
 ***********
Package rerunfilecheck Info: File `main.out' has not changed.
(rerunfilecheck)             Checksum: 41AACA8ACD74B0086F87C38648666C74;38736.
Package logreq Info: Writing requests to 'main.run.xml'.
\openout1 = `main.run.xml'.

 ) 
Here is how much of TeX's memory you used:
 34696 strings out of 402986
 742975 string characters out of 5448711
 1836904 words of memory out of 5000000
 62525 multiletter control sequences out of 15000+600000
 636301 words of font info for 114 fonts, out of 8000000 for 9000
 1348 hyphenation exceptions out of 8191
 91i,14n,120p,1503b,5575s stack positions out of 10000i,1000n,20000p,200000b,200000s

Output written on main.pdf (182 pages).
