\BOOKMARK [1][-]{section*.1}{\376\377\000R\000e\000s\000u\000m\000e\000n}{}% 1
\BOOKMARK [1][-]{section*.2}{\376\377\000A\000b\000s\000t\000r\000a\000c\000t}{}% 2
\BOOKMARK [1][-]{section*.3}{\376\377\000G\000l\000o\000s\000a\000r\000i\000o}{}% 3
\BOOKMARK [1][-]{section.1}{\376\377\0001\000\040\000C\000a\000p\000\355\000t\000u\000l\000o\000\040\0001\000:\000\040\000I\000n\000t\000r\000o\000d\000u\000c\000c\000i\000\363\000n}{}% 4
\BOOKMARK [2][-]{subsection.1.1}{\376\377\0001\000.\0001\000\040\000C\000o\000n\000t\000e\000x\000t\000o}{section.1}% 5
\BOOKMARK [2][-]{subsection.1.2}{\376\377\0001\000.\0002\000\040\000P\000l\000a\000n\000t\000e\000a\000m\000i\000e\000n\000t\000o\000\040\000d\000e\000l\000\040\000P\000r\000o\000b\000l\000e\000m\000a}{section.1}% 6
\BOOKMARK [2][-]{subsection.1.3}{\376\377\0001\000.\0003\000\040\000J\000u\000s\000t\000i\000f\000i\000c\000a\000c\000i\000\363\000n\000\040\000d\000e\000l\000\040\000P\000r\000o\000b\000l\000e\000m\000a}{section.1}% 7
\BOOKMARK [3][-]{subsubsection.1.3.1}{\376\377\0001\000.\0003\000.\0001\000\040\000I\000m\000p\000a\000c\000t\000o\000s}{subsection.1.3}% 8
\BOOKMARK [2][-]{subsection.1.4}{\376\377\0001\000.\0004\000\040\000P\000r\000o\000p\000u\000e\000s\000t\000a\000\040\000d\000e\000\040\000S\000o\000l\000u\000c\000i\000\363\000n}{section.1}% 9
\BOOKMARK [2][-]{subsection.1.5}{\376\377\0001\000.\0005\000\040\000P\000r\000e\000g\000u\000n\000t\000a\000\040\000d\000e\000\040\000I\000n\000v\000e\000s\000t\000i\000g\000a\000c\000i\000\363\000n}{section.1}% 10
\BOOKMARK [3][-]{subsubsection.1.5.1}{\376\377\0001\000.\0005\000.\0001\000\040\000P\000r\000e\000g\000u\000n\000t\000a\000s\000\040\000D\000e\000r\000i\000v\000a\000d\000a\000s}{subsection.1.5}% 11
\BOOKMARK [2][-]{subsection.1.6}{\376\377\0001\000.\0006\000\040\000O\000b\000j\000e\000t\000i\000v\000o\000s}{section.1}% 12
\BOOKMARK [3][-]{subsubsection.1.6.1}{\376\377\0001\000.\0006\000.\0001\000\040\000O\000b\000j\000e\000t\000i\000v\000o\000\040\000G\000e\000n\000e\000r\000a\000l}{subsection.1.6}% 13
\BOOKMARK [3][-]{subsubsection.1.6.2}{\376\377\0001\000.\0006\000.\0002\000\040\000O\000b\000j\000e\000t\000i\000v\000o\000s\000\040\000E\000s\000p\000e\000c\000\355\000f\000i\000c\000o\000s}{subsection.1.6}% 14
\BOOKMARK [2][-]{subsection.1.7}{\376\377\0001\000.\0007\000\040\000R\000e\000s\000t\000r\000i\000c\000c\000i\000o\000n\000e\000s}{section.1}% 15
\BOOKMARK [2][-]{subsection.1.8}{\376\377\0001\000.\0008\000\040\000R\000e\000c\000u\000r\000s\000o\000s\000\040\000y\000\040\000V\000i\000a\000b\000i\000l\000i\000d\000a\000d\000\040\000T\000\351\000c\000n\000i\000c\000a}{section.1}% 16
\BOOKMARK [1][-]{section.2}{\376\377\0002\000\040\000C\000a\000p\000\355\000t\000u\000l\000o\000\040\0002\000:\000\040\000M\000a\000r\000c\000o\000\040\000d\000e\000\040\000R\000e\000f\000e\000r\000e\000n\000c\000i\000a}{}% 17
\BOOKMARK [2][-]{subsubsection.2.0.1}{\376\377\0002\000.\0000\000.\0001\000\040\000C\000r\000i\000t\000e\000r\000i\000o\000s\000\040\000d\000e\000\040\000i\000n\000c\000l\000u\000s\000i\000\363\000n}{section.2}% 18
\BOOKMARK [3][-]{subsubsection.2.0.2}{\376\377\0002\000.\0000\000.\0002\000\040\000C\000r\000i\000t\000e\000r\000i\000o\000s\000\040\000d\000e\000\040\000e\000x\000c\000l\000u\000s\000i\000\363\000n}{subsubsection.2.0.1}% 19
\BOOKMARK [2][-]{subsection.2.1}{\376\377\0002\000.\0001\000\040\000F\000u\000n\000d\000a\000m\000e\000n\000t\000o\000s\000\040\000T\000e\000\363\000r\000i\000c\000o\000s}{section.2}% 20
\BOOKMARK [3][-]{subsubsection.2.1.1}{\376\377\0002\000.\0001\000.\0001\000\040\000G\000e\000s\000t\000i\000o\000n\000\040\000d\000e\000\040\000i\000n\000v\000e\000n\000t\000a\000r\000i\000o\000s}{subsection.2.1}% 21
\BOOKMARK [3][-]{subsubsection.2.1.2}{\376\377\0002\000.\0001\000.\0002\000\040\000T\000i\000p\000o\000s\000\040\000d\000e\000\040\000g\000e\000s\000t\000i\000o\000n\000\040\000d\000e\000\040\000i\000n\000v\000e\000n\000t\000a\000r\000i\000o}{subsection.2.1}% 22
\BOOKMARK [3][-]{subsubsection.2.1.3}{\376\377\0002\000.\0001\000.\0003\000\040\000P\000r\000e\000d\000i\000c\000c\000i\000o\000n\000\040\000d\000e\000\040\000d\000e\000m\000a\000n\000d\000a}{subsection.2.1}% 23
\BOOKMARK [3][-]{subsubsection.2.1.4}{\376\377\0002\000.\0001\000.\0004\000\040\000S\000e\000r\000i\000e\000s\000\040\000d\000e\000\040\000t\000i\000e\000m\000p\000o}{subsection.2.1}% 24
\BOOKMARK [3][-]{subsubsection.2.1.5}{\376\377\0002\000.\0001\000.\0005\000\040\000M\000o\000d\000e\000l\000o\000s\000\040\000d\000e\000\040\000p\000r\000e\000d\000i\000c\000c\000i\000o\000n\000\040\000d\000e\000\040\000d\000e\000m\000a\000n\000d\000a}{subsection.2.1}% 25
\BOOKMARK [3][-]{subsubsection.2.1.6}{\376\377\0002\000.\0001\000.\0006\000\040\000R\000e\000d\000e\000s\000\040\000N\000e\000u\000r\000o\000n\000a\000l\000e\000s\000\040\000A\000r\000t\000i\000f\000i\000c\000i\000a\000l\000e\000s\000\040\000\050\000R\000N\000A\000\051}{subsection.2.1}% 26
\BOOKMARK [4][-]{paragraph*.6}{\376\377\000L\000o\000n\000g\000\040\000S\000h\000o\000r\000t\000-\000T\000e\000r\000m\000\040\000M\000e\000m\000o\000r\000y\000\040\000\050\000L\000S\000T\000M\000\051}{subsubsection.2.1.6}% 27
\BOOKMARK [4][-]{paragraph*.7}{\376\377\000G\000a\000t\000e\000d\000\040\000R\000e\000c\000u\000r\000r\000e\000n\000t\000\040\000U\000n\000i\000t\000\040\000\050\000G\000R\000U\000\051}{subsubsection.2.1.6}% 28
\BOOKMARK [3][-]{subsubsection.2.1.7}{\376\377\0002\000.\0001\000.\0007\000\040\000M\000o\000d\000e\000l\000o\000s\000\040\000e\000s\000t\000a\000d\000\355\000s\000t\000i\000c\000o\000s\000\040\000y\000\040\000d\000e\000\040\000M\000a\000c\000h\000i\000n\000e\000\040\000L\000e\000a\000r\000n\000i\000n\000g\000\040\000t\000r\000a\000d\000i\000c\000i\000o\000n\000a\000l\000e\000s}{subsection.2.1}% 29
\BOOKMARK [4][-]{paragraph*.8}{\376\377\000R\000e\000g\000r\000e\000s\000i\000\363\000n\000\040\000l\000i\000n\000e\000a\000l}{subsubsection.2.1.7}% 30
\BOOKMARK [3][-]{subsubsection.2.1.8}{\376\377\0002\000.\0001\000.\0008\000\040\000M\000o\000d\000e\000l\000o\000s\000\040\000b\000a\000s\000a\000d\000o\000s\000\040\000e\000n\000\040\000\341\000r\000b\000o\000l\000e\000s\000\040\000d\000e\000\040\000d\000e\000c\000i\000s\000i\000\363\000n}{subsection.2.1}% 31
\BOOKMARK [4][-]{paragraph*.9}{\376\377\000X\000G\000B\000o\000o\000s\000t}{subsubsection.2.1.8}% 32
\BOOKMARK [2][-]{subsection.2.2}{\376\377\0002\000.\0002\000\040\000A\000n\000t\000e\000c\000e\000d\000e\000n\000t\000e\000s}{section.2}% 33
\BOOKMARK [3][-]{subsubsection.2.2.1}{\376\377\0002\000.\0002\000.\0001\000\040\000C\000o\000m\000p\000a\000r\000a\000c\000i\000\363\000n\000\040\000d\000e\000\040\000m\000o\000d\000e\000l\000o\000s\000\040\000d\000e\000\040\000p\000r\000e\000d\000i\000c\000c\000i\000\363\000n\000\040\000d\000e\000\040\000d\000e\000m\000a\000n\000d\000a}{subsection.2.2}% 34
\BOOKMARK [3][-]{subsubsection.2.2.2}{\376\377\0002\000.\0002\000.\0002\000\040\000I\000m\000p\000l\000e\000m\000e\000n\000t\000a\000c\000i\000o\000n\000e\000s\000\040\000d\000e\000\040\000r\000e\000f\000e\000r\000e\000n\000c\000i\000a\000\040\000c\000o\000n\000s\000u\000l\000t\000a\000d\000a\000s}{subsection.2.2}% 35
\BOOKMARK [2][-]{subsection.2.3}{\376\377\0002\000.\0003\000\040\000E\000s\000t\000\341\000n\000d\000a\000r\000e\000s\000\040\000d\000e\000\040\000I\000n\000g\000e\000n\000i\000e\000r\000\355\000a\000\040\000A\000p\000l\000i\000c\000a\000b\000l\000e\000s}{section.2}% 36
\BOOKMARK [1][-]{section.3}{\376\377\0003\000\040\000C\000a\000p\000\355\000t\000u\000l\000o\000\040\0003\000:\000\040\000D\000i\000s\000e\000\361\000o\000\040\000y\000\040\000D\000e\000s\000a\000r\000r\000o\000l\000l\000o}{}% 37
\BOOKMARK [2][-]{subsection.3.1}{\376\377\0003\000.\0001\000\040\000E\000n\000f\000o\000q\000u\000e\000\040\000M\000e\000t\000o\000d\000o\000l\000\363\000g\000i\000c\000o}{section.3}% 38
\BOOKMARK [3][-]{subsubsection.3.1.1}{\376\377\0003\000.\0001\000.\0001\000\040\000G\000e\000s\000t\000i\000\363\000n\000\040\000d\000e\000l\000\040\000P\000r\000o\000y\000e\000c\000t\000o\000\040\000\050\000P\000l\000a\000n\000e\000a\000c\000i\000\363\000n\000\051}{subsection.3.1}% 39
\BOOKMARK [3][-]{subsubsection.3.1.2}{\376\377\0003\000.\0001\000.\0002\000\040\000C\000i\000c\000l\000o\000\040\000d\000e\000\040\000V\000i\000d\000a\000\040\000d\000e\000l\000\040\000S\000o\000f\000t\000w\000a\000r\000e\000\040\000\050\000E\000j\000e\000c\000u\000c\000i\000\363\000n\000\051}{subsection.3.1}% 40
\BOOKMARK [2][-]{subsection.3.2}{\376\377\0003\000.\0002\000\040\000P\000r\000o\000c\000e\000s\000o\000s\000\040\000T\000\351\000c\000n\000i\000c\000o\000s\000\040\000y\000\040\000D\000i\000s\000e\000\361\000o\000\040\000\050\000I\000S\000O\000/\000I\000E\000C\000/\000I\000E\000E\000E\000\040\0001\0002\0002\0000\0007\000\051}{section.3}% 41
\BOOKMARK [3][-]{subsubsection.3.2.1}{\376\377\0003\000.\0002\000.\0001\000\040\000I\000d\000e\000n\000t\000i\000f\000i\000c\000a\000c\000i\000\363\000n\000\040\000d\000e\000\040\000S\000t\000a\000k\000e\000h\000o\000l\000d\000e\000r\000s}{subsection.3.2}% 42
\BOOKMARK [3][-]{subsubsection.3.2.2}{\376\377\0003\000.\0002\000.\0002\000\040\000E\000l\000i\000c\000i\000t\000a\000c\000i\000\363\000n\000\040\000d\000e\000\040\000R\000e\000q\000u\000i\000s\000i\000t\000o\000s}{subsection.3.2}% 43
\BOOKMARK [3][-]{subsubsection.3.2.3}{\376\377\0003\000.\0002\000.\0003\000\040\000E\000s\000p\000e\000c\000i\000f\000i\000c\000a\000c\000i\000\363\000n\000\040\000d\000e\000\040\000R\000e\000q\000u\000i\000s\000i\000t\000o\000s\000\040\000d\000e\000\040\000S\000o\000f\000t\000w\000a\000r\000e\000\040\000\050\000S\000R\000S\000\051}{subsection.3.2}% 44
\BOOKMARK [3][-]{subsubsection.3.2.4}{\376\377\0003\000.\0002\000.\0004\000\040\000D\000i\000s\000e\000\361\000o\000\040\000d\000e\000\040\000l\000a\000\040\000A\000r\000q\000u\000i\000t\000e\000c\000t\000u\000r\000a}{subsection.3.2}% 45
\BOOKMARK [3][-]{subsubsection.3.2.5}{\376\377\0003\000.\0002\000.\0005\000\040\000E\000s\000c\000e\000n\000a\000r\000i\000o\000s\000\040\000A\000r\000q\000u\000i\000t\000e\000c\000t\000u\000r\000a\000l\000e\000s}{subsection.3.2}% 46
\BOOKMARK [3][-]{subsubsection.3.2.6}{\376\377\0003\000.\0002\000.\0006\000\040\000A\000n\000\341\000l\000i\000s\000i\000s\000\040\000d\000e\000\040\000A\000l\000t\000e\000r\000n\000a\000t\000i\000v\000a\000s\000\040\000y\000\040\000D\000e\000c\000i\000s\000i\000o\000n\000e\000s\000\040\000d\000e\000\040\000D\000i\000s\000e\000\361\000o\000\040\000\050\000A\000D\000R\000s\000\051}{subsection.3.2}% 47
\BOOKMARK [3][-]{subsubsection.3.2.7}{\376\377\0003\000.\0002\000.\0007\000\040\000R\000e\000p\000r\000e\000s\000e\000n\000t\000a\000c\000i\000\363\000n\000\040\000d\000e\000\040\000l\000a\000\040\000A\000r\000q\000u\000i\000t\000e\000c\000t\000u\000r\000a\000\040\000\050\000M\000o\000d\000e\000l\000o\000\040\000C\0004\000\051}{subsection.3.2}% 48
\BOOKMARK [3][-]{subsubsection.3.2.8}{\376\377\0003\000.\0002\000.\0008\000\040\000D\000i\000s\000e\000\361\000o\000\040\000D\000e\000t\000a\000l\000l\000a\000d\000o}{subsection.3.2}% 49
\BOOKMARK [3][-]{subsubsection.3.2.9}{\376\377\0003\000.\0002\000.\0009\000\040\000E\000t\000a\000p\000a\000\040\0001\000:\000\040\000C\000a\000r\000g\000a\000\040\000y\000\040\000l\000i\000m\000p\000i\000e\000z\000a\000\040\000d\000e\000\040\000d\000a\000t\000o\000s}{subsection.3.2}% 50
\BOOKMARK [3][-]{subsubsection.3.2.10}{\376\377\0003\000.\0002\000.\0001\0000\000\040\000E\000t\000a\000p\000a\000\040\0002\000:\000\040\000S\000e\000g\000m\000e\000n\000t\000a\000c\000i\000\363\000n\000\040\000d\000e\000\040\000p\000r\000o\000d\000u\000c\000t\000o\000s}{subsection.3.2}% 51
\BOOKMARK [3][-]{subsubsection.3.2.11}{\376\377\0003\000.\0002\000.\0001\0001\000\040\000E\000t\000a\000p\000a\000\040\0003\000:\000\040\000C\000o\000n\000s\000t\000r\000u\000c\000c\000i\000\363\000n\000\040\000d\000e\000\040\000v\000a\000r\000i\000a\000b\000l\000e\000s}{subsection.3.2}% 52
\BOOKMARK [3][-]{subsubsection.3.2.12}{\376\377\0003\000.\0002\000.\0001\0002\000\040\000E\000t\000a\000p\000a\000\040\0004\000:\000\040\000M\000o\000d\000e\000l\000o\000s\000\040\000d\000e\000\040\000p\000r\000e\000d\000i\000c\000c\000i\000\363\000n}{subsection.3.2}% 53
\BOOKMARK [4][-]{paragraph*.19}{\376\377\000D\000e\000f\000i\000n\000i\000c\000i\000o\000n\000\040\000d\000e\000\040\000v\000a\000r\000i\000a\000b\000l\000e\000s\000\040\000y\000\040\000f\000u\000n\000c\000i\000o\000n\000e\000s\000\040\000b\000a\000s\000i\000c\000a\000s}{subsubsection.3.2.12}% 54
\BOOKMARK [4][-]{paragraph*.20}{\376\377\000M\000o\000d\000e\000l\000o\000s\000\040\000d\000e\000\040\000d\000e\000m\000a\000n\000d\000a}{subsubsection.3.2.12}% 55
\BOOKMARK [4][-]{paragraph*.21}{\376\377\000X\000g\000B\000o\000o\000s\000t}{subsubsection.3.2.12}% 56
\BOOKMARK [4][-]{paragraph*.22}{\376\377\000M\000e\000d\000i\000a\000\040\000M\000\363\000v\000i\000l}{subsubsection.3.2.12}% 57
\BOOKMARK [4][-]{paragraph*.23}{\376\377\000R\000e\000g\000r\000e\000s\000i\000o\000n\000\040\000L\000i\000n\000e\000a\000l}{subsubsection.3.2.12}% 58
\BOOKMARK [3][-]{subsubsection.3.2.13}{\376\377\0003\000.\0002\000.\0001\0003\000\040\000S\000e\000l\000e\000c\000c\000i\000\363\000n\000\040\000d\000e\000l\000\040\000c\000a\000m\000p\000e\000\363\000n\000\040\000p\000o\000r\000\040\000p\000r\000o\000d\000u\000c\000t\000o}{subsection.3.2}% 59
\BOOKMARK [3][-]{subsubsection.3.2.14}{\376\377\0003\000.\0002\000.\0001\0004\000\040\000P\000r\000o\000n\000\363\000s\000t\000i\000c\000o\000\040\000f\000u\000t\000u\000r\000o}{subsection.3.2}% 60
\BOOKMARK [4][-]{paragraph*.24}{\376\377\000C\000i\000c\000l\000o\000\040\000r\000e\000c\000u\000r\000s\000i\000v\000o}{subsubsection.3.2.14}% 61
\BOOKMARK [3][-]{subsubsection.3.2.15}{\376\377\0003\000.\0002\000.\0001\0005\000\040\000C\000\341\000l\000c\000u\000l\000o\000\040\000d\000e\000\040\000r\000e\000p\000o\000s\000i\000c\000i\000\363\000n\000\040\000\050\000E\000O\000Q\000/\000R\000O\000P\000\051}{subsection.3.2}% 62
\BOOKMARK [4][-]{paragraph*.25}{\376\377\000L\000e\000a\000d\000\040\000t\000i\000m\000e}{subsubsection.3.2.15}% 63
\BOOKMARK [4][-]{paragraph*.26}{\376\377\000S\000t\000o\000c\000k\000\040\000d\000e\000\040\000s\000e\000g\000u\000r\000i\000d\000a\000d\000\040\000y\000\040\000p\000u\000n\000t\000o\000\040\000d\000e\000\040\000r\000e\000o\000r\000d\000e\000n}{subsubsection.3.2.15}% 64
\BOOKMARK [4][-]{paragraph*.27}{\376\377\000C\000a\000n\000t\000i\000d\000a\000d\000\040\000e\000c\000o\000n\000\363\000m\000i\000c\000a\000\040\000d\000e\000\040\000p\000e\000d\000i\000d\000o\000\040\000\050\000E\000O\000Q\000\051}{subsubsection.3.2.15}% 65
\BOOKMARK [3][-]{subsubsection.3.2.16}{\376\377\0003\000.\0002\000.\0001\0006\000\040\000M\000o\000d\000e\000l\000o\000\040\000d\000e\000\040\000D\000a\000t\000o\000s}{subsection.3.2}% 66
\BOOKMARK [3][-]{subsubsection.3.2.17}{\376\377\0003\000.\0002\000.\0001\0007\000\040\000D\000i\000s\000e\000\361\000o\000\040\000U\000X\000/\000U\000I}{subsection.3.2}% 67
\BOOKMARK [3][-]{subsubsection.3.2.18}{\376\377\0003\000.\0002\000.\0001\0008\000\040\000A\000n\000\341\000l\000i\000s\000i\000s\000\040\000d\000e\000\040\000A\000m\000e\000n\000a\000z\000a\000s\000\040\000y\000\040\000D\000i\000s\000e\000\361\000o\000\040\000S\000e\000g\000u\000r\000o}{subsection.3.2}% 68
\BOOKMARK [2][-]{subsection.3.3}{\376\377\0003\000.\0003\000\040\000C\000o\000n\000s\000t\000r\000u\000c\000c\000i\000\363\000n\000,\000\040\000I\000n\000t\000e\000g\000r\000a\000c\000i\000\363\000n\000\040\000y\000\040\000D\000e\000s\000p\000l\000i\000e\000g\000u\000e}{section.3}% 69
\BOOKMARK [3][-]{subsubsection.3.3.1}{\376\377\0003\000.\0003\000.\0001\000\040\000C\000o\000n\000s\000t\000r\000u\000c\000c\000i\000\363\000n}{subsection.3.3}% 70
\BOOKMARK [3][-]{subsubsection.3.3.2}{\376\377\0003\000.\0003\000.\0002\000\040\000I\000n\000t\000e\000g\000r\000a\000c\000i\000\363\000n}{subsection.3.3}% 71
\BOOKMARK [4][-]{paragraph*.48}{\376\377\000I\000n\000t\000e\000g\000r\000a\000c\000i\000\363\000n\000\040\000c\000o\000n\000t\000i\000n\000u\000a\000\040\000\050\000C\000I\000\051}{subsubsection.3.3.2}% 72
\BOOKMARK [3][-]{subsubsection.3.3.3}{\376\377\0003\000.\0003\000.\0003\000\040\000D\000e\000s\000p\000l\000i\000e\000g\000u\000e}{subsection.3.3}% 73
\BOOKMARK [2][-]{subsection.3.4}{\376\377\0003\000.\0004\000\040\000P\000l\000a\000n\000\040\000d\000e\000\040\000V\000e\000r\000i\000f\000i\000c\000a\000c\000i\000\363\000n\000\040\000y\000\040\000V\000a\000l\000i\000d\000a\000c\000i\000\363\000n}{section.3}% 74
\BOOKMARK [3][-]{subsubsection.3.4.1}{\376\377\0003\000.\0004\000.\0001\000\040\000E\000s\000t\000r\000a\000t\000e\000g\000i\000a\000\040\000d\000e\000\040\000v\000e\000r\000i\000f\000i\000c\000a\000c\000i\000\363\000n}{subsection.3.4}% 75
\BOOKMARK [3][-]{subsubsection.3.4.2}{\376\377\0003\000.\0004\000.\0002\000\040\000E\000s\000t\000r\000a\000t\000e\000g\000i\000a\000\040\000d\000e\000\040\000v\000a\000l\000i\000d\000a\000c\000i\000\363\000n\000\040\000d\000e\000l\000\040\000m\000o\000d\000e\000l\000o\000\040\000d\000e\000\040\000p\000r\000e\000d\000i\000c\000c\000i\000\363\000n}{subsection.3.4}% 76
\BOOKMARK [3][-]{subsubsection.3.4.3}{\376\377\0003\000.\0004\000.\0003\000\040\000C\000r\000i\000t\000e\000r\000i\000o\000s\000\040\000d\000e\000\040\000a\000c\000e\000p\000t\000a\000c\000i\000\363\000n}{subsection.3.4}% 77
\BOOKMARK [3][-]{subsubsection.3.4.4}{\376\377\0003\000.\0004\000.\0004\000\040\000P\000l\000a\000n\000\040\000d\000e\000\040\000v\000a\000l\000i\000d\000a\000c\000i\000\363\000n\000\040\000c\000o\000n\000\040\000u\000s\000u\000a\000r\000i\000o\000s}{subsection.3.4}% 78
\BOOKMARK [1][-]{section.4}{\376\377\0004\000\040\000C\000a\000p\000\355\000t\000u\000l\000o\000\040\0004\000:\000\040\000A\000n\000\341\000l\000i\000s\000i\000s\000\040\000d\000e\000\040\000R\000e\000s\000u\000l\000t\000a\000d\000o\000s\000\040\000y\000\040\000J\000u\000i\000c\000i\000o\000\040\000d\000e\000\040\000I\000n\000g\000e\000n\000i\000e\000r\000\355\000a}{}% 79
\BOOKMARK [2][-]{subsection.4.1}{\376\377\0004\000.\0001\000\040\000R\000e\000s\000u\000l\000t\000a\000d\000o\000s\000\040\000d\000e\000\040\000V\000e\000r\000i\000f\000i\000c\000a\000c\000i\000\363\000n\000\040\000\050\000P\000r\000u\000e\000b\000a\000s\000\040\000d\000e\000\040\000S\000o\000f\000t\000w\000a\000r\000e\000\051}{section.4}% 80
\BOOKMARK [2][-]{subsection.4.2}{\376\377\0004\000.\0002\000\040\000R\000e\000s\000u\000l\000t\000a\000d\000o\000s\000\040\000d\000e\000\040\000V\000a\000l\000i\000d\000a\000c\000i\000\363\000n\000\040\000\050\000E\000v\000a\000l\000u\000a\000c\000i\000\363\000n\000\040\000d\000e\000l\000\040\000U\000s\000u\000a\000r\000i\000o\000\051}{section.4}% 81
\BOOKMARK [3][-]{subsubsection.4.2.1}{\376\377\0004\000.\0002\000.\0001\000\040\000V\000a\000l\000i\000d\000a\000c\000i\000\363\000n\000\040\000d\000e\000l\000\040\000m\000o\000d\000e\000l\000o\000\040\000d\000e\000\040\000p\000r\000e\000d\000i\000c\000c\000i\000\363\000n}{subsection.4.2}% 82
\BOOKMARK [3][-]{subsubsection.4.2.2}{\376\377\0004\000.\0002\000.\0002\000\040\000C\000o\000n\000s\000i\000s\000t\000e\000n\000c\000i\000a\000\040\000m\000e\000d\000i\000a\000n\000t\000e\000\040\000v\000a\000l\000i\000d\000a\000c\000i\000\363\000n\000\040\000c\000r\000u\000z\000a\000d\000a\000\040\000t\000e\000m\000p\000o\000r\000a\000l}{subsection.4.2}% 83
\BOOKMARK [2][-]{subsection.4.3}{\376\377\0004\000.\0003\000\040\000E\000v\000a\000l\000u\000a\000c\000i\000\363\000n\000\040\000d\000e\000\040\000l\000a\000\040\000S\000e\000g\000u\000r\000i\000d\000a\000d\000\040\000y\000\040\000E\000s\000t\000\341\000n\000d\000a\000r\000e\000s}{section.4}% 84
\BOOKMARK [2][-]{subsection.4.4}{\376\377\0004\000.\0004\000\040\000A\000n\000\341\000l\000i\000s\000i\000s\000\040\000d\000e\000\040\000I\000m\000p\000a\000c\000t\000o\000s\000\040\000d\000e\000\040\000l\000a\000\040\000S\000o\000l\000u\000c\000i\000\363\000n}{section.4}% 85
\BOOKMARK [2][-]{subsection.4.5}{\376\377\0004\000.\0005\000\040\000C\000o\000n\000c\000l\000u\000s\000i\000o\000n\000e\000s}{section.4}% 86
\BOOKMARK [2][-]{subsection.4.6}{\376\377\0004\000.\0006\000\040\000R\000e\000c\000o\000m\000e\000n\000d\000a\000c\000i\000o\000n\000e\000s\000\040\000d\000e\000\040\000O\000p\000e\000r\000a\000c\000i\000\363\000n\000\040\000y\000\040\000M\000a\000n\000t\000e\000n\000i\000b\000i\000l\000i\000d\000a\000d}{section.4}% 87
\BOOKMARK [2][-]{subsection.4.7}{\376\377\0004\000.\0007\000\040\000T\000r\000a\000b\000a\000j\000o\000s\000\040\000F\000u\000t\000u\000r\000o\000s}{section.4}% 88
\BOOKMARK [2][-]{subsection.4.8}{\376\377\0004\000.\0008\000\040\000D\000e\000c\000l\000a\000r\000a\000c\000i\000\363\000n\000\040\000d\000e\000\040\000U\000s\000o\000\040\000R\000e\000s\000p\000o\000n\000s\000a\000b\000l\000e\000\040\000d\000e\000\040\000I\000A}{section.4}% 89
\BOOKMARK [1][-]{section*.57}{\376\377\000R\000e\000f\000e\000r\000e\000n\000c\000i\000a\000s\000\040\000B\000i\000b\000l\000i\000o\000g\000r\000\341\000f\000i\000c\000a\000s}{}% 90
\BOOKMARK [1][-]{section*.58}{\376\377\000A\000N\000E\000X\000O\000S}{}% 91
\BOOKMARK [1][-]{section.1}{\376\377\000A\000n\000e\000x\000o\000\040\000A\000\040\000D\000o\000c\000u\000m\000e\000n\000t\000o\000\040\000c\000o\000m\000p\000l\000e\000t\000o\000\040\000S\000R\000S\000\040\000\050\000h\000i\000s\000t\000o\000r\000i\000a\000s\000\040\000d\000e\000\040\000u\000s\000u\000a\000r\000i\000o\000\040\000/\000\040\000b\000a\000c\000k\000l\000o\000g\000\051}{}% 92
\BOOKMARK [1][-]{section.2}{\376\377\000A\000n\000e\000x\000o\000\040\000B\000\040\000M\000o\000d\000e\000l\000o\000s\000\040\000d\000e\000\040\000d\000a\000t\000o\000s\000\040\000e\000x\000t\000e\000n\000s\000o\000s\000,\000\040\000d\000i\000c\000c\000i\000o\000n\000a\000r\000i\000o\000s\000\040\000d\000e\000\040\000d\000a\000t\000o\000s\000,\000\040\000m\000o\000c\000k\000u\000p\000s}{}% 93
\BOOKMARK [1][-]{section.3}{\376\377\000A\000n\000e\000x\000o\000\040\000C\000\040\000M\000a\000n\000u\000a\000l\000\040\000d\000e\000\040\000u\000s\000u\000a\000r\000i\000o\000\040\000y\000/\000o\000\040\000g\000u\000\355\000a\000\040\000d\000e\000\040\000i\000n\000s\000t\000a\000l\000a\000c\000i\000\363\000n\000\040\000y\000\040\000d\000e\000s\000p\000l\000i\000e\000g\000u\000e}{}% 94
\BOOKMARK [1][-]{section.4}{\376\377\000A\000n\000e\000x\000o\000\040\000D\000\040\000E\000n\000l\000a\000c\000e\000s\000\040\000a\000\040\000r\000e\000p\000o\000s\000i\000t\000o\000r\000i\000o\000s\000\040\000d\000e\000\040\000c\000\363\000d\000i\000g\000o\000\040\000f\000u\000e\000n\000t\000e\000\040\000y\000\040\000t\000a\000b\000l\000e\000r\000o\000s\000\040\000d\000e\000\040\000g\000e\000s\000t\000i\000\363\000n\000\040\000\050\000A\000z\000u\000r\000e\000\040\000D\000e\000v\000O\000p\000s\000,\000\040\000J\000i\000r\000a\000,\000\040\000G\000i\000t\000H\000u\000b\000\051}{}% 95
\BOOKMARK [1][-]{section.5}{\376\377\000A\000n\000e\000x\000o\000\040\000E\000\040\000P\000r\000o\000t\000o\000c\000o\000l\000o\000\040\000y\000\040\000s\000e\000g\000u\000i\000m\000i\000e\000n\000t\000o\000\040\000d\000e\000\040\000l\000a\000\040\000r\000e\000v\000i\000s\000i\000\363\000n\000\040\000s\000i\000s\000t\000e\000m\000\341\000t\000i\000c\000a\000\040\000d\000e\000\040\000l\000i\000t\000e\000r\000a\000t\000u\000r\000a\000\040\000\050\000s\000i\000\040\000a\000p\000l\000i\000c\000a\000\051}{}% 96
